<html>
<body>
<pre>
<h1>µVision Build Log</h1>
<h2>Project:</h2>
D:\03_Projects\04_Keil\others\EK-STM32F\Blinky\Blinky.uvproj
Project File Date:  03/08/2012

<h2>Output:</h2>
Rebuild target 'STM32F103 Flash'
assembling startup_stm32f10x_md.s...
compiling system_stm32f10x.c...
compiling Blinky.c...
compiling ADC.c...
compiling IRQ.c...
compiling LCD.c...
compiling LED.c...
compiling Retarget.c...
compiling Serial.c...
compiling testcpp.cpp...
testcpp.cpp(1): error:  #5: cannot open source input file "stdio": No such file or directory
Target not created
Rebuild target 'STM32F103 Flash'
assembling startup_stm32f10x_md.s...
compiling system_stm32f10x.c...
compiling Blinky.c...
compiling ADC.c...
compiling IRQ.c...
compiling LCD.c...
compiling LED.c...
compiling Retarget.c...
compiling Serial.c...
compiling testcpp.cpp...
testcpp.cpp(3): error:  #11-D: unrecognized preprocessing directive
testcpp.cpp(8): warning:  #1-D: last line of file ends without a newline
testcpp.cpp(8): error: At end of source:  #40: expected an identifier
testcpp.cpp(8): error: At end of source:  #65: expected a ";"
Target not created
Rebuild target 'STM32F103 Flash'
assembling startup_stm32f10x_md.s...
compiling system_stm32f10x.c...
compiling Blinky.c...
compiling ADC.c...
compiling IRQ.c...
compiling LCD.c...
compiling LED.c...
compiling Retarget.c...
compiling Serial.c...
compiling testcpp.cpp...
testcpp.cpp(8): warning:  #1-D: last line of file ends without a newline
testcpp.cpp(8): error: At end of source:  #40: expected an identifier
testcpp.cpp(8): error: At end of source:  #65: expected a ";"
Target not created
Rebuild target 'STM32F103 Flash'
assembling startup_stm32f10x_md.s...
compiling system_stm32f10x.c...
compiling Blinky.c...
compiling ADC.c...
compiling IRQ.c...
compiling LCD.c...
compiling LED.c...
compiling Retarget.c...
compiling Serial.c...
compiling testcpp.cpp...
testcpp.cpp(8): warning:  #427-D: qualified name is not allowed in member declaration
testcpp.cpp(13): warning:  #427-D: qualified name is not allowed in member declaration
testcpp.cpp(17): warning:  #1-D: last line of file ends without a newline
testcpp.cpp(17): error: At end of source:  #40: expected an identifier
testcpp.cpp(17): error: At end of source:  #65: expected a ";"
Target not created
Rebuild target 'STM32F103 Flash'
assembling startup_stm32f10x_md.s...
compiling system_stm32f10x.c...
compiling Blinky.c...
compiling ADC.c...
compiling IRQ.c...
compiling LCD.c...
compiling LED.c...
compiling Retarget.c...
compiling Serial.c...
compiling testcpp.cpp...
testcpp.cpp(5): error:  #276: name followed by "::" must be a class or namespace name
testcpp.cpp(5): error:  #260-D: explicit type is missing ("int" assumed)
testcpp.cpp(8): warning:  #940-D: missing return statement at end of non-void function "testcpp"
testcpp.cpp(10): error:  #276: name followed by "::" must be a class or namespace name
testcpp.cpp(13): warning:  #1-D: last line of file ends without a newline
Target not created
Build target 'STM32F103 Flash'
compiling testcpp.cpp...
testcpp.h(6): warning:  #1-D: last line of file ends without a newline
testcpp.h(6): warning:  #2770-D: definition at end of file not followed by a semicolon or a declarator
testcpp.cpp(4): error:  #40: expected an identifier
testcpp.cpp(14): warning:  #1-D: last line of file ends without a newline
Target not created
Build target 'STM32F103 Flash'
compiling testcpp.cpp...
testcpp.h(6): warning:  #2770-D: definition at end of file not followed by a semicolon or a declarator
testcpp.cpp(4): error:  #40: expected an identifier
testcpp.cpp(14): warning:  #1-D: last line of file ends without a newline
Target not created
Build target 'STM32F103 Flash'
compiling testcpp.cpp...
testcpp.h(6): warning:  #2770-D: definition at end of file not followed by a semicolon or a declarator
testcpp.cpp(4): error:  #40: expected an identifier
testcpp.cpp(14): warning:  #1-D: last line of file ends without a newline
Target not created
Build target 'STM32F103 Flash'
compiling testcpp.cpp...
testcpp.cpp(14): warning:  #1-D: last line of file ends without a newline
linking...
Program Size: Code=3788 RO-data=284 RW-data=328 ZI-data=1040  
".\Flash\Blinky.axf" - 0 Error(s), 1 Warning(s).
Build target 'STM32F103 Flash'
compiling testcpp.cpp...
linking...
Program Size: Code=3788 RO-data=284 RW-data=328 ZI-data=1040  
".\Flash\Blinky.axf" - 0 Error(s), 0 Warning(s).
