BL51 BANKED LINKER/LOCATER V6.22                                                        04/20/2012  16:19:02  PAGE 1


BL51 BANKED LINKER/LOCATER V6.22, INVOKED BY:
D:\PROGRAM FILES\KEIL\C51\BIN\BL51.EXE STARTUP.obj, diskio.obj, ff.obj, mcu_init.obj, sd.obj, spi.obj, test1_main.obj, u
>> art.obj TO microSD RAMSIZE (256)


MEMORY MODEL: LARGE


INPUT MODULES INCLUDED:
  STARTUP.obj (?C_STARTUP)
  diskio.obj (DISKIO)
  ff.obj (FF)
  mcu_init.obj (MCU_INIT)
  sd.obj (SD)
  spi.obj (SPI)
  test1_main.obj (TEST1_MAIN)
  uart.obj (UART)
  D:\PROGRAM FILES\KEIL\C51\LIB\C51L.LIB (?C_INIT)
  D:\PROGRAM FILES\KEIL\C51\LIB\C51L.LIB (?C?COPY)
  D:\PROGRAM FILES\KEIL\C51\LIB\C51L.LIB (?C?CLDPTR)
  D:\PROGRAM FILES\KEIL\C51\LIB\C51L.LIB (?C?CLDOPTR)
  D:\PROGRAM FILES\KEIL\C51\LIB\C51L.LIB (?C?CILDOPTR)
  D:\PROGRAM FILES\KEIL\C51\LIB\C51L.LIB (?C?CSTPTR)
  D:\PROGRAM FILES\KEIL\C51\LIB\C51L.LIB (?C?CSTOPTR)
  D:\PROGRAM FILES\KEIL\C51\LIB\C51L.LIB (?C?IMUL)
  D:\PROGRAM FILES\KEIL\C51\LIB\C51L.LIB (?C?SIDIV)
  D:\PROGRAM FILES\KEIL\C51\LIB\C51L.LIB (?C?IILDX)
  D:\PROGRAM FILES\KEIL\C51\LIB\C51L.LIB (?C?ILDIX)
  D:\PROGRAM FILES\KEIL\C51\LIB\C51L.LIB (?C?ILDPTR)
  D:\PROGRAM FILES\KEIL\C51\LIB\C51L.LIB (?C?ILDOPTR)
  D:\PROGRAM FILES\KEIL\C51\LIB\C51L.LIB (?C?IILDPTR)
  D:\PROGRAM FILES\KEIL\C51\LIB\C51L.LIB (?C?ISTPTR)
  D:\PROGRAM FILES\KEIL\C51\LIB\C51L.LIB (?C?ISTOPTR)
  D:\PROGRAM FILES\KEIL\C51\LIB\C51L.LIB (?C?LMUL)
  D:\PROGRAM FILES\KEIL\C51\LIB\C51L.LIB (?C?ULDIV)
  D:\PROGRAM FILES\KEIL\C51\LIB\C51L.LIB (?C?LNOT)
  D:\PROGRAM FILES\KEIL\C51\LIB\C51L.LIB (?C?ULCMP)
  D:\PROGRAM FILES\KEIL\C51\LIB\C51L.LIB (?C?ULSHR)
  D:\PROGRAM FILES\KEIL\C51\LIB\C51L.LIB (?C?LSHL)
  D:\PROGRAM FILES\KEIL\C51\LIB\C51L.LIB (?C?LLDPTR)
  D:\PROGRAM FILES\KEIL\C51\LIB\C51L.LIB (?C?LLDOPTR)
  D:\PROGRAM FILES\KEIL\C51\LIB\C51L.LIB (?C?LSTPTR)
  D:\PROGRAM FILES\KEIL\C51\LIB\C51L.LIB (?C?LSTOPTR)
  D:\PROGRAM FILES\KEIL\C51\LIB\C51L.LIB (?C?LLDPTR0)
  D:\PROGRAM FILES\KEIL\C51\LIB\C51L.LIB (?C?LLDOPTR0)
  D:\PROGRAM FILES\KEIL\C51\LIB\C51L.LIB (?C?LLDIXDATA)
  D:\PROGRAM FILES\KEIL\C51\LIB\C51L.LIB (?C?LILDXDATA)
  D:\PROGRAM FILES\KEIL\C51\LIB\C51L.LIB (?C?LSTXDATA)
  D:\PROGRAM FILES\KEIL\C51\LIB\C51L.LIB (?C?LSTKXDATA)
  D:\PROGRAM FILES\KEIL\C51\LIB\C51L.LIB (?C?LSTKOPTR)
  D:\PROGRAM FILES\KEIL\C51\LIB\C51L.LIB (?C?PLDPTR)
  D:\PROGRAM FILES\KEIL\C51\LIB\C51L.LIB (?C?PSTPTR)
  D:\PROGRAM FILES\KEIL\C51\LIB\C51L.LIB (?C?PLDOPTR)
  D:\PROGRAM FILES\KEIL\C51\LIB\C51L.LIB (?C?PSTOPTR)
  D:\PROGRAM FILES\KEIL\C51\LIB\C51L.LIB (?C?LIMUL)
  D:\PROGRAM FILES\KEIL\C51\LIB\C51L.LIB (?C?UIDIV)
  D:\PROGRAM FILES\KEIL\C51\LIB\C51L.LIB (?C?LLDIDATA)
  D:\PROGRAM FILES\KEIL\C51\LIB\C51L.LIB (?C?LLDXDATA)
BL51 BANKED LINKER/LOCATER V6.22                                                      04/20/2012  16:19:02  PAGE 2


  D:\PROGRAM FILES\KEIL\C51\LIB\C51L.LIB (?C?LLDPDATA)
  D:\PROGRAM FILES\KEIL\C51\LIB\C51L.LIB (?C?LLDCODE)
  D:\PROGRAM FILES\KEIL\C51\LIB\C51L.LIB (?C?LLDIDATA0)
  D:\PROGRAM FILES\KEIL\C51\LIB\C51L.LIB (?C?LLDXDATA0)
  D:\PROGRAM FILES\KEIL\C51\LIB\C51L.LIB (?C?LLDPDATA0)
  D:\PROGRAM FILES\KEIL\C51\LIB\C51L.LIB (?C?LLDCODE0)
  D:\PROGRAM FILES\KEIL\C51\LIB\C51L.LIB (?C?LSTIDATA)
  D:\PROGRAM FILES\KEIL\C51\LIB\C51L.LIB (?C?LSTPDATA)
  D:\PROGRAM FILES\KEIL\C51\LIB\C51L.LIB (?C?LSTKIDATA)
  D:\PROGRAM FILES\KEIL\C51\LIB\C51L.LIB (?C?LSTKPDATA)
  D:\PROGRAM FILES\KEIL\C51\LIB\C51L.LIB (?C?PLDIDATA)
  D:\PROGRAM FILES\KEIL\C51\LIB\C51L.LIB (?C?PSTIDATA)
  D:\PROGRAM FILES\KEIL\C51\LIB\C51L.LIB (?C?PLDXDATA)
  D:\PROGRAM FILES\KEIL\C51\LIB\C51L.LIB (?C?PSTXDATA)
  D:\PROGRAM FILES\KEIL\C51\LIB\C51L.LIB (?C?PLDPDATA)
  D:\PROGRAM FILES\KEIL\C51\LIB\C51L.LIB (?C?PSTPDATA)
  D:\PROGRAM FILES\KEIL\C51\LIB\C51L.LIB (?C?PLDCODE)


LINK MAP OF MODULE:  microSD (?C_STARTUP)


            TYPE    BASE      LENGTH    RELOCATION   SEGMENT NAME
            -----------------------------------------------------

            * * * * * * *   D A T A   M E M O R Y   * * * * * * *
            REG     0000H     0008H     ABSOLUTE     "REG BANK 0"
            IDATA   0008H     0001H     UNIT         ?STACK

            * * * * * * *  X D A T A   M E M O R Y  * * * * * * *
            XDATA   0000H     0501H     UNIT         _XDATA_GROUP_
            XDATA   0501H     0400H     UNIT         ?XD?TEST1_MAIN
            XDATA   0901H     0061H     UNIT         ?XD?_F_RENAME?FF
            XDATA   0962H     0049H     UNIT         ?XD?_F_UNLINK?FF
            XDATA   09ABH     003DH     UNIT         ?XD?_F_MKDIR?FF
            XDATA   09E8H     002EH     UNIT         ?XD?_F_UTIME?FF
            XDATA   0A16H     002CH     UNIT         ?XD?_F_STAT?FF
            XDATA   0A42H     002AH     UNIT         ?XD?_F_CHMOD?FF
            XDATA   0A6CH     001BH     UNIT         ?XD?_F_GETFREE?FF
            XDATA   0A87H     0018H     UNIT         ?XD?_F_LSEEK?FF
            XDATA   0A9FH     0016H     UNIT         ?XD?_F_OPENDIR?FF
            XDATA   0AB5H     0012H     UNIT         ?XD?_F_READDIR?FF
            XDATA   0AC7H     000EH     UNIT         ?XD?_GET_FILEINFO?FF
            XDATA   0AD5H     0008H     UNIT         ?XD?_F_TRUNCATE?FF
            XDATA   0ADDH     0008H     UNIT         ?XD?_SD_ERASE?SD
            XDATA   0AE5H     0006H     UNIT         ?XD?_DIR_READ?FF
            XDATA   0AEBH     0005H     UNIT         ?XD?FF
            XDATA   0AF0H     0003H     UNIT         ?XD?_DIR_REMOVE?FF
            XDATA   0AF3H     0001H     UNIT         ?XD?DISKIO

            * * * * * * *   C O D E   M E M O R Y   * * * * * * *
            CODE    0000H     0003H     ABSOLUTE     
            CODE    0003H     0B2EH     UNIT         ?PR?_AUTO_MOUNT?FF
            CODE    0B31H     0878H     UNIT         ?C?LIB_CODE
            CODE    13A9H     0732H     UNIT         ?PR?_F_LSEEK?FF
            CODE    1ADBH     0674H     UNIT         ?PR?_F_WRITE?FF
            CODE    214FH     05BCH     UNIT         ?PR?_F_READ?FF
BL51 BANKED LINKER/LOCATER V6.22                                                      04/20/2012  16:19:02  PAGE 3


            CODE    270BH     04F7H     UNIT         ?PR?_F_OPEN?FF
            CODE    2C02H     0465H     UNIT         ?PR?_F_MKDIR?FF
            CODE    3067H     03C1H     UNIT         ?PR?_DIR_NEXT?FF
            CODE    3428H     037DH     UNIT         ?PR?_PUT_CLUSTER?FF
            CODE    37A5H     0336H     UNIT         ?PR?_F_RENAME?FF
            CODE    3ADBH     0331H     UNIT         ?PR?_GET_CLUSTER?FF
            CODE    3E0CH     0322H     UNIT         ?PR?_F_GETFREE?FF
            CODE    412EH     02F3H     UNIT         ?PR?_CREATE_CHAIN?FF
            CODE    4421H     02F3H     UNIT         ?PR?_F_SYNC?FF
            CODE    4714H     02F1H     UNIT         ?CO?TEST1_MAIN
            CODE    4A05H     02B3H     UNIT         ?PR?_CREATE_NAME?FF
            CODE    4CB8H     0288H     UNIT         ?PR?_GET_FILEINFO?FF
            CODE    4F40H     026EH     UNIT         ?PR?_DIR_SEEK?FF
            CODE    51AEH     022BH     UNIT         ?PR?_F_TRUNCATE?FF
            CODE    53D9H     0207H     UNIT         ?PR?_MOVE_WINDOW?FF
            CODE    55E0H     01D9H     UNIT         ?PR?_F_UNLINK?FF
            CODE    57B9H     01BFH     UNIT         ?PR?_DISK_IOCTL?DISKIO
            CODE    5978H     01BFH     UNIT         ?PR?_SYNC?FF
            CODE    5B37H     01B1H     UNIT         ?PR?_FOLLOW_PATH?FF
            CODE    5CE8H     0199H     UNIT         ?PR?_F_OPENDIR?FF
            CODE    5E81H     017EH     UNIT         ?PR?_REMOVE_CHAIN?FF
            CODE    5FFFH     0158H     UNIT         ?PR?_DIR_REGISTER?FF
            CODE    6157H     013CH     UNIT         ?PR?_SD_READMULTIPLEBLOCK?SD
            CODE    6293H     011EH     UNIT         ?PR?_SD_WRITEMULTIPLEBLOCK?SD
            CODE    63B1H     0117H     UNIT         ?PR?_F_UTIME?FF
            CODE    64C8H     0111H     UNIT         ?PR?TEST_FILEWR?TEST1_MAIN
            CODE    65D9H     00FCH     UNIT         ?PR?_DIR_FIND?FF
            CODE    66D5H     00E6H     UNIT         ?PR?_CHECK_FS?FF
            CODE    67BBH     00DDH     UNIT         ?PR?_F_READDIR?FF
            CODE    6898H     00D2H     UNIT         ?PR?MAIN?TEST1_MAIN
            CODE    696AH     00D1H     UNIT         ?PR?_RECEIVE_DATABLOCK?SD
            CODE    6A3BH     00C2H     UNIT         ?PR?_DIR_READ?FF
            CODE    6AFDH     00B2H     UNIT         ?PR?_CLUST2SECT?FF
            CODE    6BAFH     00ABH     UNIT         ?PR?_TRANSMIT_DATABLOCK?SD
            CODE    6C5AH     00A5H     UNIT         ?PR?SD_INIT?SD
            CODE    6CFFH     00A3H     UNIT         ?PR?_SD_SENDCOMMAND?SD
            CODE    6DA2H     009AH     UNIT         ?PR?_F_STAT?FF
            CODE    6E3CH     0097H     UNIT         ?PR?_DISPLAYDATA?UART
            CODE    6ED3H     0096H     UNIT         ?PR?_F_CHMOD?FF
            CODE    6F69H     0095H     UNIT         ?PR?_DIR_REMOVE?FF
            CODE    6FFEH     0092H     UNIT         ?PR?_DISK_WRITE?DISKIO
            CODE    7090H     008CH     UNIT         ?C_C51STARTUP
            CODE    711CH     0088H     UNIT         ?PR?_SD_ERASE?SD
            CODE    71A4H     0084H     UNIT         ?PR?_DISK_READ?DISKIO
            CODE    7228H     007CH     UNIT         ?PR?_TEST_WRITEMULTIPLEBLOCK?TEST1_MAIN
            CODE    72A4H     0072H     UNIT         ?PR?_TEST_WRITESINGLEBLOCK?TEST1_MAIN
            CODE    7316H     006EH     UNIT         ?PR?_MEM_CMP?FF
            CODE    7384H     006BH     UNIT         ?PR?_F_MOUNT?FF
            CODE    73EFH     0064H     UNIT         ?PR?_TEST_READMULTIPLEBLOCK?TEST1_MAIN
            CODE    7453H     0062H     UNIT         ?PR?_TEST_READSINGLEBLOCK?TEST1_MAIN
            CODE    74B5H     0061H     UNIT         ?PR?_MEM_CPY?FF
            CODE    7516H     0054H     UNIT         ?PR?_TRANSMITHEX?UART
            CODE    756AH     004EH     UNIT         ?PR?_SD_READSINGLEBLOCK?SD
            CODE    75B8H     004CH     UNIT         ?PR?_SD_WRITESINGLEBLOCK?SD
            CODE    7604H     0046H     UNIT         ?PR?_MEM_SET?FF
            CODE    764AH     0033H     UNIT         ?PR?_TRANSMITSTRING?UART
            CODE    767DH     002FH     UNIT         ?PR?_VALIDATE?FF
BL51 BANKED LINKER/LOCATER V6.22                                                      04/20/2012  16:19:02  PAGE 4


            CODE    76ACH     0029H     UNIT         ?PR?_F_CLOSE?FF
            CODE    76D5H     0025H     UNIT         ?CO?UART
            CODE    76FAH     0024H     UNIT         ?PR?_CHK_CHR?FF
            CODE    771EH     0020H     UNIT         ?PR?OSCILLATOR_INIT?MCU_INIT
            CODE    773EH     0020H     UNIT         ?PR?UART0_INIT?MCU_INIT
            CODE    775EH     001AH     UNIT         ?CO?FF
            CODE    7778H     0019H     UNIT         ?PR?_DISK_INITIALIZE?DISKIO
            CODE    7791H     000DH     UNIT         ?PR?PORT_IO_INIT?MCU_INIT
            CODE    779EH     000CH     UNIT         ?PR?_DISK_STATUS?DISKIO
            CODE    77AAH     000CH     UNIT         ?PR?INIT_DEVICES?MCU_INIT
            CODE    77B6H     000BH     UNIT         ?PR?_DELAY?SPI
            CODE    77C1H     000BH     UNIT         ?PR?SPI_RECEIVE?SPI
            CODE    77CCH     000AH     UNIT         ?PR?SPI_INIT?MCU_INIT
            CODE    77D6H     0009H     UNIT         ?PR?GET_FATTIME?TEST1_MAIN
            CODE    77DFH     0008H     UNIT         ?PR?_SPI_TRANSMIT?SPI
            CODE    77E7H     0008H     UNIT         ?PR?RECEIVEBYTE?UART
            CODE    77EFH     0008H     UNIT         ?PR?_TRANSMITBYTE?UART
            CODE    77F7H     0005H     UNIT         ?C_INITSEG



OVERLAY MAP OF MODULE:   microSD (?C_STARTUP)


SEGMENT                                           XDATA_GROUP
  +--> CALLED SEGMENT                           START    LENGTH
---------------------------------------------------------------
?C_C51STARTUP                                   -----    -----
  +--> ?PR?MAIN?TEST1_MAIN
  +--> ?C_INITSEG

?PR?MAIN?TEST1_MAIN                             -----    -----
  +--> ?PR?INIT_DEVICES?MCU_INIT
  +--> ?PR?_TRANSMITBYTE?UART
  +--> ?CO?TEST1_MAIN
  +--> ?PR?_TRANSMITSTRING?UART
  +--> ?PR?_DISK_INITIALIZE?DISKIO
  +--> ?PR?_TEST_READSINGLEBLOCK?TEST1_MAIN
  +--> ?PR?_TEST_WRITESINGLEBLOCK?TEST1_MAIN
  +--> ?PR?_TEST_READMULTIPLEBLOCK?TEST1_MAIN
  +--> ?PR?_TEST_WRITEMULTIPLEBLOCK?TEST1_MAIN
  +--> ?PR?TEST_FILEWR?TEST1_MAIN
  +--> ?PR?_DELAY?SPI

?PR?INIT_DEVICES?MCU_INIT                       -----    -----
  +--> ?PR?PORT_IO_INIT?MCU_INIT
  +--> ?PR?OSCILLATOR_INIT?MCU_INIT
  +--> ?PR?UART0_INIT?MCU_INIT
  +--> ?PR?SPI_INIT?MCU_INIT

?PR?UART0_INIT?MCU_INIT                         0000H    0002H

?PR?_TRANSMITSTRING?UART                        0463H    0003H
  +--> ?PR?_TRANSMITBYTE?UART

?PR?_DISK_INITIALIZE?DISKIO                     -----    -----
  +--> ?PR?SD_INIT?SD
BL51 BANKED LINKER/LOCATER V6.22                                                      04/20/2012  16:19:02  PAGE 5



?PR?SD_INIT?SD                                  04AEH    0002H
  +--> ?PR?_DELAY?SPI
  +--> ?PR?_SD_SENDCOMMAND?SD

?PR?_SD_SENDCOMMAND?SD                          04FBH    0006H

?PR?_TEST_READSINGLEBLOCK?TEST1_MAIN            0004H    0004H
  +--> ?PR?_DISK_READ?DISKIO
  +--> ?CO?TEST1_MAIN
  +--> ?PR?_TRANSMITSTRING?UART
  +--> ?PR?RECEIVEBYTE?UART
  +--> ?PR?_TRANSMITBYTE?UART
  +--> ?PR?_DISPLAYDATA?UART

?PR?_DISK_READ?DISKIO                           04E2H    0009H
  +--> ?PR?_SD_READSINGLEBLOCK?SD
  +--> ?PR?_SD_READMULTIPLEBLOCK?SD

?PR?_SD_READSINGLEBLOCK?SD                      04EBH    0007H
  +--> ?PR?_SD_SENDCOMMAND?SD
  +--> ?PR?_RECEIVE_DATABLOCK?SD

?PR?_RECEIVE_DATABLOCK?SD                       04F2H    0004H
  +--> ?PR?SPI_RECEIVE?SPI

?PR?_SD_READMULTIPLEBLOCK?SD                    04EBH    0010H
  +--> ?PR?_SD_SENDCOMMAND?SD
  +--> ?PR?SPI_RECEIVE?SPI

?PR?_DISPLAYDATA?UART                           0456H    0007H
  +--> ?PR?_TRANSMITBYTE?UART
  +--> ?PR?_TRANSMITHEX?UART
  +--> ?CO?UART
  +--> ?PR?_TRANSMITSTRING?UART
  +--> ?PR?RECEIVEBYTE?UART

?PR?_TRANSMITHEX?UART                           045DH    0006H
  +--> ?CO?UART
  +--> ?PR?_TRANSMITSTRING?UART

?PR?_TEST_WRITESINGLEBLOCK?TEST1_MAIN           0000H    0004H
  +--> ?PR?_DISK_WRITE?DISKIO
  +--> ?CO?TEST1_MAIN
  +--> ?PR?_TRANSMITSTRING?UART
  +--> ?PR?_TEST_READSINGLEBLOCK?TEST1_MAIN

?PR?_DISK_WRITE?DISKIO                          04E2H    000AH
  +--> ?PR?_SD_WRITESINGLEBLOCK?SD
  +--> ?PR?_SD_WRITEMULTIPLEBLOCK?SD

?PR?_SD_WRITESINGLEBLOCK?SD                     04ECH    0007H
  +--> ?PR?_SD_SENDCOMMAND?SD
  +--> ?PR?_TRANSMIT_DATABLOCK?SD

?PR?_TRANSMIT_DATABLOCK?SD                      04F3H    0006H
  +--> ?PR?SPI_RECEIVE?SPI
BL51 BANKED LINKER/LOCATER V6.22                                                      04/20/2012  16:19:02  PAGE 6



?PR?_SD_WRITEMULTIPLEBLOCK?SD                   04ECH    000FH
  +--> ?PR?_SD_SENDCOMMAND?SD
  +--> ?PR?_SPI_TRANSMIT?SPI
  +--> ?PR?SPI_RECEIVE?SPI

?PR?_TEST_READMULTIPLEBLOCK?TEST1_MAIN          0005H    0005H
  +--> ?PR?_DISK_READ?DISKIO
  +--> ?CO?TEST1_MAIN
  +--> ?PR?_TRANSMITSTRING?UART
  +--> ?PR?RECEIVEBYTE?UART
  +--> ?PR?_TRANSMITBYTE?UART
  +--> ?PR?_DISPLAYDATA?UART

?PR?_TEST_WRITEMULTIPLEBLOCK?TEST1_MAIN         0000H    0005H
  +--> ?PR?_DISK_WRITE?DISKIO
  +--> ?CO?TEST1_MAIN
  +--> ?PR?_TRANSMITSTRING?UART
  +--> ?PR?_TEST_READMULTIPLEBLOCK?TEST1_MAIN

?PR?TEST_FILEWR?TEST1_MAIN                      0000H    0456H
  +--> ?PR?_F_MOUNT?FF
  +--> ?CO?TEST1_MAIN
  +--> ?PR?_F_OPEN?FF
  +--> ?PR?_TRANSMITSTRING?UART
  +--> ?PR?_F_WRITE?FF
  +--> ?PR?RECEIVEBYTE?UART
  +--> ?PR?_F_READ?FF
  +--> ?PR?_DISPLAYDATA?UART
  +--> ?PR?_F_CLOSE?FF

?PR?_F_MOUNT?FF                                 0456H    0003H

?PR?_F_OPEN?FF                                  0456H    0038H
  +--> ?PR?_AUTO_MOUNT?FF
  +--> ?PR?_FOLLOW_PATH?FF
  +--> ?PR?_DIR_REGISTER?FF
  +--> ?PR?_REMOVE_CHAIN?FF
  +--> ?PR?_MOVE_WINDOW?FF
  +--> ?PR?GET_FATTIME?TEST1_MAIN

?PR?_AUTO_MOUNT?FF                              048EH    0020H
  +--> ?PR?_DISK_STATUS?DISKIO
  +--> ?PR?_DISK_INITIALIZE?DISKIO
  +--> ?PR?_CHECK_FS?FF
  +--> ?PR?_DISK_READ?DISKIO

?PR?_CHECK_FS?FF                                04AEH    0007H
  +--> ?PR?_DISK_READ?DISKIO
  +--> ?CO?FF
  +--> ?PR?_MEM_CMP?FF

?PR?_MEM_CMP?FF                                 04B5H    000EH

?PR?_FOLLOW_PATH?FF                             048EH    000AH
  +--> ?PR?_DIR_SEEK?FF
  +--> ?PR?_CREATE_NAME?FF
BL51 BANKED LINKER/LOCATER V6.22                                                      04/20/2012  16:19:02  PAGE 7


  +--> ?PR?_DIR_FIND?FF

?PR?_DIR_SEEK?FF                                049FH    000BH
  +--> ?PR?_GET_CLUSTER?FF
  +--> ?PR?_CLUST2SECT?FF

?PR?_GET_CLUSTER?FF                             04C1H    000FH
  +--> ?PR?_MOVE_WINDOW?FF

?PR?_MOVE_WINDOW?FF                             04D6H    000CH
  +--> ?PR?_DISK_WRITE?DISKIO
  +--> ?PR?_DISK_READ?DISKIO

?PR?_CLUST2SECT?FF                              04AAH    0007H

?PR?_CREATE_NAME?FF                             0498H    0015H
  +--> ?PR?_MEM_SET?FF
  +--> ?CO?FF
  +--> ?PR?_CHK_CHR?FF

?PR?_MEM_SET?FF                                 04ADH    000AH

?PR?_DIR_FIND?FF                                0498H    0007H
  +--> ?PR?_DIR_SEEK?FF
  +--> ?PR?_MOVE_WINDOW?FF
  +--> ?PR?_MEM_CMP?FF
  +--> ?PR?_DIR_NEXT?FF

?PR?_DIR_NEXT?FF                                049FH    000BH
  +--> ?PR?_GET_CLUSTER?FF
  +--> ?PR?_CREATE_CHAIN?FF
  +--> ?PR?_MOVE_WINDOW?FF
  +--> ?PR?_MEM_SET?FF
  +--> ?PR?_CLUST2SECT?FF

?PR?_CREATE_CHAIN?FF                            04AAH    0017H
  +--> ?PR?_GET_CLUSTER?FF
  +--> ?PR?_PUT_CLUSTER?FF

?PR?_PUT_CLUSTER?FF                             04C1H    0015H
  +--> ?PR?_MOVE_WINDOW?FF

?PR?_DIR_REGISTER?FF                            048EH    0006H
  +--> ?PR?_DIR_SEEK?FF
  +--> ?PR?_MOVE_WINDOW?FF
  +--> ?PR?_DIR_NEXT?FF
  +--> ?PR?_MEM_SET?FF
  +--> ?PR?_MEM_CPY?FF

?PR?_MEM_CPY?FF                                 0494H    000EH

?PR?_REMOVE_CHAIN?FF                            048EH    000CH
  +--> ?PR?_GET_CLUSTER?FF
  +--> ?PR?_PUT_CLUSTER?FF

?PR?_F_WRITE?FF                                 0456H    001AH
  +--> ?PR?_VALIDATE?FF
BL51 BANKED LINKER/LOCATER V6.22                                                      04/20/2012  16:19:02  PAGE 8


  +--> ?PR?_CREATE_CHAIN?FF
  +--> ?PR?_DISK_WRITE?DISKIO
  +--> ?PR?_CLUST2SECT?FF
  +--> ?PR?_DISK_READ?DISKIO
  +--> ?PR?_MEM_CPY?FF

?PR?_VALIDATE?FF                                -----    -----
  +--> ?PR?_DISK_STATUS?DISKIO

?PR?_F_READ?FF                                  0456H    001EH
  +--> ?PR?_VALIDATE?FF
  +--> ?PR?_GET_CLUSTER?FF
  +--> ?PR?_CLUST2SECT?FF
  +--> ?PR?_DISK_READ?DISKIO
  +--> ?PR?_DISK_WRITE?DISKIO
  +--> ?PR?_MEM_CPY?FF

?PR?_F_CLOSE?FF                                 0456H    0003H
  +--> ?PR?_F_SYNC?FF

?PR?_F_SYNC?FF                                  0459H    000BH
  +--> ?PR?_VALIDATE?FF
  +--> ?PR?_DISK_WRITE?DISKIO
  +--> ?PR?_MOVE_WINDOW?FF
  +--> ?PR?GET_FATTIME?TEST1_MAIN
  +--> ?PR?_SYNC?FF

?PR?_SYNC?FF                                    0464H    0004H
  +--> ?PR?_MOVE_WINDOW?FF
  +--> ?PR?_MEM_SET?FF
  +--> ?PR?_DISK_WRITE?DISKIO
  +--> ?PR?_DISK_IOCTL?DISKIO

?PR?_DISK_IOCTL?DISKIO                          0468H    0018H
  +--> ?PR?_SD_SENDCOMMAND?SD
  +--> ?PR?_RECEIVE_DATABLOCK?SD



SYMBOL TABLE OF MODULE:  microSD (?C_STARTUP)

  VALUE           TYPE          NAME
  ----------------------------------

  -------         MODULE        ?C_STARTUP
  C:7090H         SEGMENT       ?C_C51STARTUP
  I:0008H         SEGMENT       ?STACK
  C:0000H         PUBLIC        ?C_STARTUP
  D:00E0H         SYMBOL        ACC
  D:00F0H         SYMBOL        B
  D:0083H         SYMBOL        DPH
  D:0082H         SYMBOL        DPL
  N:0000H         SYMBOL        IBPSTACK
  N:0100H         SYMBOL        IBPSTACKTOP
  N:0080H         SYMBOL        IDATALEN
  C:7093H         SYMBOL        IDATALOOP
  N:0000H         SYMBOL        PBPSTACK
BL51 BANKED LINKER/LOCATER V6.22                                                      04/20/2012  16:19:02  PAGE 9


  N:0100H         SYMBOL        PBPSTACKTOP
  N:0000H         SYMBOL        PDATALEN
  N:0000H         SYMBOL        PDATASTART
  N:0000H         SYMBOL        PPAGE
  N:0000H         SYMBOL        PPAGEENABLE
  D:00A0H         SYMBOL        PPAGE_SFR
  D:0081H         SYMBOL        SP
  C:7090H         SYMBOL        STARTUP1
  N:0000H         SYMBOL        XBPSTACK
  N:0000H         SYMBOL        XBPSTACKTOP
  N:0000H         SYMBOL        XDATALEN
  N:0000H         SYMBOL        XDATASTART
  C:0000H         LINE#         126
  C:7090H         LINE#         133
  C:7092H         LINE#         134
  C:7093H         LINE#         135
  C:7094H         LINE#         136
  C:7096H         LINE#         185
  C:7099H         LINE#         196
  -------         ENDMOD        ?C_STARTUP

  -------         MODULE        DISKIO
  C:0000H         SYMBOL        _ICE_DUMMY_
  D:00A0H         PUBLIC        P2
  X:0AF3H         SYMBOL        Stat
  C:57B9H         PUBLIC        _disk_ioctl
  C:71A4H         PUBLIC        _disk_read
  C:779EH         PUBLIC        _disk_status
  C:6FFEH         PUBLIC        _disk_write
  C:7778H         PUBLIC        _disk_initialize
  -------         PROC          _DISK_INITIALIZE
  D:0007H         SYMBOL        drv
  C:7778H         LINE#         19
  C:7778H         LINE#         22
  C:7778H         LINE#         23
  C:777EH         LINE#         25
  C:7784H         LINE#         26
  C:7784H         LINE#         27
  C:778BH         LINE#         28
  C:778BH         LINE#         30
  C:7790H         LINE#         31
  -------         ENDPROC       _DISK_INITIALIZE
  -------         PROC          _DISK_STATUS
  D:0007H         SYMBOL        drv
  C:779EH         LINE#         36
  C:779EH         LINE#         39
  C:779EH         LINE#         40
  C:77A4H         LINE#         41
  C:77A9H         LINE#         42
  -------         ENDPROC       _DISK_STATUS
  -------         PROC          _DISK_READ
  D:0007H         SYMBOL        drv
  X:04E3H         SYMBOL        buff
  X:04E6H         SYMBOL        sector
  X:04EAH         SYMBOL        count
  C:71A4H         LINE#         47
  C:71AFH         LINE#         53
BL51 BANKED LINKER/LOCATER V6.22                                                      04/20/2012  16:19:02  PAGE 10


  C:71AFH         LINE#         54
  C:71BCH         LINE#         55
  C:71C6H         LINE#         57
  C:71CAH         LINE#         58
  C:71CAH         LINE#         59
  C:71E7H         LINE#         61
  C:71E9H         LINE#         63
  C:71E9H         LINE#         64
  C:721BH         LINE#         65
  C:721BH         LINE#         67
  C:7227H         LINE#         68
  -------         ENDPROC       _DISK_READ
  -------         PROC          _DISK_WRITE
  D:0007H         SYMBOL        drv
  X:04E3H         SYMBOL        buff
  X:04E6H         SYMBOL        sector
  X:04EAH         SYMBOL        count
  C:6FFEH         LINE#         74
  C:7009H         LINE#         80
  C:7009H         LINE#         81
  C:701AH         LINE#         82
  C:7024H         LINE#         84
  C:702AH         LINE#         85
  C:702AH         LINE#         86
  C:7047H         LINE#         88
  C:7049H         LINE#         90
  C:7049H         LINE#         91
  C:707FH         LINE#         92
  C:707FH         LINE#         94
  C:708FH         LINE#         95
  -------         ENDPROC       _DISK_WRITE
  -------         PROC          _DISK_IOCTL
  D:0007H         SYMBOL        drv
  D:0005H         SYMBOL        ctrl
  X:0468H         SYMBOL        buff
  -------         DO            
  X:046BH         SYMBOL        res
  D:0003H         SYMBOL        n
  X:046CH         SYMBOL        csd
  X:047CH         SYMBOL        csize
  -------         ENDDO         
  C:57B9H         LINE#         101
  C:57C4H         LINE#         106
  C:57C4H         LINE#         111
  C:57CAH         LINE#         112
  C:57D4H         LINE#         114
  C:57DAH         LINE#         116
  C:57F1H         LINE#         117
  C:57F1H         LINE#         118
  C:57F4H         LINE#         119
  C:57F4H         LINE#         121
  C:57F4H         LINE#         122
  C:581BH         LINE#         123
  C:581BH         LINE#         124
  C:5828H         LINE#         125
  C:5828H         LINE#         126
  C:5845H         LINE#         127
BL51 BANKED LINKER/LOCATER V6.22                                                      04/20/2012  16:19:02  PAGE 11


  C:5855H         LINE#         128
  C:5857H         LINE#         130
  C:5857H         LINE#         131
  C:5878H         LINE#         132
  C:58B2H         LINE#         133
  C:58D6H         LINE#         134
  C:58D6H         LINE#         135
  C:58D6H         LINE#         136
  C:58D6H         LINE#         137
  C:58D9H         LINE#         139
  C:58D9H         LINE#         140
  C:58ECH         LINE#         141
  C:58ECH         LINE#         142
  C:58EEH         LINE#         144
  C:58EEH         LINE#         145
  C:590FH         LINE#         146
  C:590FH         LINE#         147
  C:5965H         LINE#         148
  C:596AH         LINE#         149
  C:596AH         LINE#         150
  C:596CH         LINE#         152
  C:596CH         LINE#         153
  C:5972H         LINE#         154
  C:5972H         LINE#         156
  C:5977H         LINE#         157
  -------         ENDPROC       _DISK_IOCTL
  -------         ENDMOD        DISKIO

  -------         MODULE        FF
  C:0000H         SYMBOL        _ICE_DUMMY_
  C:6DA2H         PUBLIC        _f_stat
  C:4421H         PUBLIC        _f_sync
  X:0AEBH         SYMBOL        Fsid
  C:5FFFH         SYMBOL        _dir_register
  C:6B08H         SYMBOL        _clust2sect
  C:67BBH         PUBLIC        _f_readdir
  C:5B37H         SYMBOL        _follow_path
  C:3AEFH         SYMBOL        _get_cluster
  C:3E0CH         PUBLIC        _f_getfree
  C:51AEH         PUBLIC        _f_truncate
  C:6F69H         SYMBOL        _dir_remove
  C:540FH         SYMBOL        _move_window
  C:66D5H         SYMBOL        _check_fs
  C:5CE8H         PUBLIC        _f_opendir
  C:6A3BH         SYMBOL        _dir_read
  C:5988H         SYMBOL        _sync
  C:3433H         SYMBOL        _put_cluster
  C:37A5H         PUBLIC        _f_rename
  C:65D9H         SYMBOL        _dir_find
  C:4F4BH         SYMBOL        _dir_seek
  C:767DH         SYMBOL        _validate
  C:0003H         SYMBOL        _auto_mount
  C:6ED3H         PUBLIC        _f_chmod
  C:76FAH         SYMBOL        _chk_chr
  X:0AEDH         SYMBOL        FatFs
  C:55E0H         PUBLIC        _f_unlink
  C:13A9H         PUBLIC        _f_lseek
BL51 BANKED LINKER/LOCATER V6.22                                                      04/20/2012  16:19:02  PAGE 12


  C:4141H         SYMBOL        _create_chain
  C:76ACH         PUBLIC        _f_close
  C:2C02H         PUBLIC        _f_mkdir
  C:3071H         SYMBOL        _dir_next
  C:7316H         SYMBOL        _mem_cmp
  C:214FH         PUBLIC        _f_read
  C:63B1H         PUBLIC        _f_utime
  C:761AH         SYMBOL        _mem_set
  C:74BDH         SYMBOL        _mem_cpy
  C:4CB8H         SYMBOL        _get_fileinfo
  C:1ADBH         PUBLIC        _f_write
  C:5E8CH         SYMBOL        _remove_chain
  C:270BH         PUBLIC        _f_open
  C:4A05H         SYMBOL        _create_name
  C:7384H         PUBLIC        _f_mount
  -------         PROC          L?0526
  -------         ENDPROC       L?0526
  -------         PROC          _MEM_CPY
  D:0001H         SYMBOL        dst
  X:0497H         SYMBOL        src
  X:049AH         SYMBOL        cnt
  -------         DO            
  X:049CH         SYMBOL        d
  X:049FH         SYMBOL        s
  -------         ENDDO         
  C:74BDH         LINE#         141
  C:74BDH         LINE#         142
  C:74C8H         LINE#         143
  C:74DDH         LINE#         144
  C:7515H         LINE#         145
  -------         ENDPROC       _MEM_CPY
  C:760FH         SYMBOL        L?0511
  -------         PROC          L?0510
  -------         ENDPROC       L?0510
  C:760FH         SYMBOL        L?0511
  -------         PROC          _MEM_SET
  D:0001H         SYMBOL        dst
  D:0004H         SYMBOL        val
  X:04B2H         SYMBOL        cnt
  -------         DO            
  X:04B4H         SYMBOL        d
  -------         ENDDO         
  C:761AH         LINE#         149
  C:761AH         LINE#         150
  C:7625H         LINE#         151
  C:7649H         LINE#         152
  -------         ENDPROC       _MEM_SET
  -------         PROC          _MEM_CMP
  D:0001H         SYMBOL        dst
  X:04B8H         SYMBOL        src
  X:04BBH         SYMBOL        cnt
  -------         DO            
  X:04BDH         SYMBOL        d
  X:04C0H         SYMBOL        s
  D:0006H         SYMBOL        r
  -------         ENDDO         
  C:7316H         LINE#         156
BL51 BANKED LINKER/LOCATER V6.22                                                      04/20/2012  16:19:02  PAGE 13


  C:7316H         LINE#         157
  C:7336H         LINE#         158
  C:7339H         LINE#         159
  C:7383H         LINE#         160
  C:7383H         LINE#         161
  -------         ENDPROC       _MEM_CMP
  -------         PROC          _CHK_CHR
  D:0001H         SYMBOL        str
  D:0004H         SYMBOL        chr
  C:76FAH         LINE#         165
  C:76FAH         LINE#         166
  C:7715H         LINE#         167
  C:771DH         LINE#         168
  -------         ENDPROC       _CHK_CHR
  C:53FCH         SYMBOL        L?0505
  C:5407H         SYMBOL        L?0506
  -------         PROC          L?0504
  -------         ENDPROC       L?0504
  C:53FCH         SYMBOL        L?0505
  C:5407H         SYMBOL        L?0506
  -------         PROC          _MOVE_WINDOW
  X:04D6H         SYMBOL        fs
  X:04D9H         SYMBOL        sector
  -------         DO            
  X:04DDH         SYMBOL        wsect
  -------         DO            
  X:04E1H         SYMBOL        nf
  -------         ENDDO         
  -------         ENDDO         
  C:540FH         LINE#         208
  C:5420H         LINE#         212
  C:5420H         LINE#         216
  C:542CH         LINE#         217
  C:544FH         LINE#         219
  C:5465H         LINE#         220
  C:5499H         LINE#         221
  C:549CH         LINE#         222
  C:54AEH         LINE#         223
  C:54DDH         LINE#         225
  C:54FBH         LINE#         226
  C:552CH         LINE#         227
  C:5568H         LINE#         228
  C:5570H         LINE#         229
  C:5570H         LINE#         230
  C:5570H         LINE#         232
  C:5584H         LINE#         233
  C:55BBH         LINE#         234
  C:55BEH         LINE#         235
  C:55DDH         LINE#         236
  C:55DDH         LINE#         237
  C:55DDH         LINE#         239
  C:55DFH         LINE#         240
  -------         ENDPROC       _MOVE_WINDOW
  C:5978H         SYMBOL        L?0513
  C:5980H         SYMBOL        L?0514
  -------         PROC          L?0512
  -------         ENDPROC       L?0512
BL51 BANKED LINKER/LOCATER V6.22                                                      04/20/2012  16:19:02  PAGE 14


  C:5978H         SYMBOL        L?0513
  C:5980H         SYMBOL        L?0514
  -------         PROC          _SYNC
  X:0464H         SYMBOL        fs
  -------         DO            
  X:0467H         SYMBOL        res
  -------         ENDDO         
  C:5988H         LINE#         250
  C:5993H         LINE#         253
  C:5993H         LINE#         257
  C:59A3H         LINE#         258
  C:59A8H         LINE#         260
  C:59C8H         LINE#         261
  C:59D8H         LINE#         262
  C:59E2H         LINE#         263
  C:59FDH         LINE#         264
  C:5A1DH         LINE#         265
  C:5A3DH         LINE#         266
  C:5A7BH         LINE#         267
  C:5AB9H         LINE#         268
  C:5AF9H         LINE#         269
  C:5B0BH         LINE#         270
  C:5B0BH         LINE#         272
  C:5B2BH         LINE#         273
  C:5B31H         LINE#         274
  C:5B31H         LINE#         276
  C:5B36H         LINE#         277
  -------         ENDPROC       _SYNC
  C:3AE3H         SYMBOL        L?0508
  C:3AE4H         SYMBOL        L?0509
  -------         PROC          L?0507
  -------         ENDPROC       L?0507
  C:3AE3H         SYMBOL        L?0508
  C:3AE4H         SYMBOL        L?0509
  -------         PROC          _GET_CLUSTER
  X:04C1H         SYMBOL        fs
  X:04C4H         SYMBOL        clst
  -------         DO            
  X:04C8H         SYMBOL        wc
  X:04CAH         SYMBOL        bc
  X:04CCH         SYMBOL        fsect
  -------         ENDDO         
  C:3AEFH         LINE#         288
  C:3AFEH         LINE#         292
  C:3AFEH         LINE#         297
  C:3B3DH         LINE#         298
  C:3B43H         LINE#         300
  C:3B5AH         LINE#         301
  C:3B71H         LINE#         302
  C:3B71H         LINE#         303
  C:3B91H         LINE#         304
  C:3BC0H         LINE#         305
  C:3BF8H         LINE#         306
  C:3C28H         LINE#         307
  C:3C53H         LINE#         308
  C:3C80H         LINE#         310
  C:3C80H         LINE#         311
BL51 BANKED LINKER/LOCATER V6.22                                                      04/20/2012  16:19:02  PAGE 15


  C:3C8DH         LINE#         312
  C:3CCEH         LINE#         314
  C:3CCEH         LINE#         315
  C:3CDBH         LINE#         316
  C:3E05H         LINE#         317
  C:3E05H         LINE#         319
  C:3E0BH         LINE#         320
  -------         ENDPROC       _GET_CLUSTER
  C:3428H         SYMBOL        L?0520
  -------         PROC          L?0519
  -------         ENDPROC       L?0519
  C:3428H         SYMBOL        L?0520
  -------         PROC          _PUT_CLUSTER
  X:04C1H         SYMBOL        fs
  X:04C4H         SYMBOL        clst
  X:04C8H         SYMBOL        val
  -------         DO            
  X:04CCH         SYMBOL        bc
  X:04CEH         SYMBOL        p
  X:04D1H         SYMBOL        fsect
  X:04D5H         SYMBOL        res
  -------         ENDDO         
  C:3433H         LINE#         330
  C:3442H         LINE#         335
  C:3442H         LINE#         342
  C:3481H         LINE#         343
  C:3487H         LINE#         345
  C:348AH         LINE#         346
  C:34A1H         LINE#         347
  C:34B8H         LINE#         348
  C:34B8H         LINE#         349
  C:34D8H         LINE#         350
  C:3506H         LINE#         351
  C:350BH         LINE#         352
  C:3532H         LINE#         353
  C:3573H         LINE#         354
  C:3581H         LINE#         355
  C:3594H         LINE#         356
  C:35C8H         LINE#         357
  C:35CDH         LINE#         358
  C:35F4H         LINE#         359
  C:364CH         LINE#         360
  C:364FH         LINE#         362
  C:364FH         LINE#         363
  C:367EH         LINE#         364
  C:3683H         LINE#         365
  C:36C4H         LINE#         366
  C:36C7H         LINE#         368
  C:36C7H         LINE#         369
  C:3701H         LINE#         370
  C:3706H         LINE#         371
  C:3784H         LINE#         372
  C:3786H         LINE#         374
  C:3786H         LINE#         375
  C:378CH         LINE#         376
  C:378CH         LINE#         377
  C:379FH         LINE#         378
BL51 BANKED LINKER/LOCATER V6.22                                                      04/20/2012  16:19:02  PAGE 16


  C:379FH         LINE#         380
  C:37A4H         LINE#         381
  -------         ENDPROC       _PUT_CLUSTER
  -------         PROC          L?0525
  -------         ENDPROC       L?0525
  -------         PROC          _REMOVE_CHAIN
  X:048EH         SYMBOL        fs
  X:0491H         SYMBOL        clst
  -------         DO            
  X:0495H         SYMBOL        res
  X:0496H         SYMBOL        nxt
  -------         ENDDO         
  C:5E8CH         LINE#         392
  C:5E9BH         LINE#         396
  C:5E9BH         LINE#         401
  C:5EDAH         LINE#         402
  C:5EDAH         LINE#         404
  C:5EDDH         LINE#         405
  C:5EE2H         LINE#         406
  C:5F0AH         LINE#         407
  C:5F16H         LINE#         408
  C:5F32H         LINE#         409
  C:5F55H         LINE#         410
  C:5F77H         LINE#         411
  C:5F97H         LINE#         412
  C:5F99H         LINE#         413
  C:5FB6H         LINE#         414
  C:5FDAH         LINE#         415
  C:5FE2H         LINE#         416
  C:5FE2H         LINE#         417
  C:5FF6H         LINE#         418
  C:5FF9H         LINE#         419
  C:5FF9H         LINE#         421
  C:5FFEH         LINE#         422
  -------         ENDPROC       _REMOVE_CHAIN
  C:4139H         SYMBOL        L?0518
  -------         PROC          L?0517
  -------         ENDPROC       L?0517
  C:4139H         SYMBOL        L?0518
  -------         PROC          _CREATE_CHAIN
  X:04AAH         SYMBOL        fs
  X:04ADH         SYMBOL        clst
  -------         DO            
  X:04B1H         SYMBOL        cs
  X:04B5H         SYMBOL        ncl
  X:04B9H         SYMBOL        scl
  X:04BDH         SYMBOL        mcl
  -------         ENDDO         
  C:4141H         LINE#         433
  C:4152H         LINE#         437
  C:4152H         LINE#         441
  C:415EH         LINE#         442
  C:4177H         LINE#         443
  C:418EH         LINE#         444
  C:41CEH         LINE#         445
  C:41D0H         LINE#         446
  C:41D0H         LINE#         447
BL51 BANKED LINKER/LOCATER V6.22                                                      04/20/2012  16:19:02  PAGE 17


  C:41DCH         LINE#         448
  C:41FCH         LINE#         449
  C:4221H         LINE#         450
  C:4235H         LINE#         451
  C:4235H         LINE#         453
  C:4249H         LINE#         454
  C:4249H         LINE#         455
  C:4268H         LINE#         456
  C:428AH         LINE#         457
  C:4294H         LINE#         458
  C:42BBH         LINE#         459
  C:42BBH         LINE#         460
  C:42D1H         LINE#         461
  C:42EAH         LINE#         462
  C:4319H         LINE#         463
  C:431FH         LINE#         464
  C:4347H         LINE#         465
  C:4347H         LINE#         467
  C:4365H         LINE#         468
  C:436AH         LINE#         469
  C:4383H         LINE#         470
  C:43ABH         LINE#         471
  C:43B2H         LINE#         472
  C:43B2H         LINE#         474
  C:43D1H         LINE#         475
  C:43E3H         LINE#         476
  C:440AH         LINE#         477
  C:4412H         LINE#         478
  C:4412H         LINE#         480
  C:4420H         LINE#         481
  -------         ENDPROC       _CREATE_CHAIN
  C:6AFDH         SYMBOL        L?0522
  -------         PROC          L?0521
  -------         ENDPROC       L?0521
  C:6AFDH         SYMBOL        L?0522
  -------         PROC          _CLUST2SECT
  X:04AAH         SYMBOL        fs
  X:04ADH         SYMBOL        clst
  C:6B08H         LINE#         492
  C:6B19H         LINE#         496
  C:6B19H         LINE#         497
  C:6B3AH         LINE#         498
  C:6B6AH         LINE#         499
  C:6BAEH         LINE#         500
  -------         ENDPROC       _CLUST2SECT
  C:4F40H         SYMBOL        L?0516
  -------         PROC          L?0515
  -------         ENDPROC       L?0515
  C:4F40H         SYMBOL        L?0516
  -------         PROC          _DIR_SEEK
  X:049FH         SYMBOL        dj
  X:04A2H         SYMBOL        idx
  -------         DO            
  X:04A4H         SYMBOL        clst
  X:04A8H         SYMBOL        ic
  -------         ENDDO         
  C:4F4BH         LINE#         510
BL51 BANKED LINKER/LOCATER V6.22                                                      04/20/2012  16:19:02  PAGE 18


  C:4F5EH         LINE#         514
  C:4F5EH         LINE#         519
  C:4F6CH         LINE#         520
  C:4F78H         LINE#         521
  C:4FBDH         LINE#         522
  C:4FC0H         LINE#         524
  C:4FD9H         LINE#         525
  C:4FFFH         LINE#         526
  C:5002H         LINE#         527
  C:5028H         LINE#         528
  C:502BH         LINE#         529
  C:502BH         LINE#         530
  C:5050H         LINE#         531
  C:5068H         LINE#         532
  C:5085H         LINE#         533
  C:50A2H         LINE#         534
  C:50E7H         LINE#         535
  C:50EAH         LINE#         536
  C:50FFH         LINE#         537
  C:5102H         LINE#         538
  C:5121H         LINE#         539
  C:5166H         LINE#         540
  C:5166H         LINE#         541
  C:51ABH         LINE#         543
  C:51ADH         LINE#         544
  -------         ENDPROC       _DIR_SEEK
  C:3067H         SYMBOL        L?0524
  -------         PROC          L?0523
  -------         ENDPROC       L?0523
  C:3067H         SYMBOL        L?0524
  -------         PROC          _DIR_NEXT
  X:049FH         SYMBOL        dj
  X:04A2H         SYMBOL        streach
  -------         DO            
  X:04A3H         SYMBOL        clst
  X:04A7H         SYMBOL        i
  -------         DO            
  X:04A9H         SYMBOL        c
  -------         ENDDO         
  -------         ENDDO         
  C:3071H         LINE#         554
  C:3081H         LINE#         558
  C:3081H         LINE#         563
  C:3095H         LINE#         564
  C:30AFH         LINE#         565
  C:30B2H         LINE#         567
  C:30BDH         LINE#         568
  C:30D6H         LINE#         570
  C:30E7H         LINE#         571
  C:3110H         LINE#         572
  C:3113H         LINE#         573
  C:3113H         LINE#         574
  C:3113H         LINE#         575
  C:314EH         LINE#         576
  C:3174H         LINE#         577
  C:3191H         LINE#         578
  C:31AEH         LINE#         579
BL51 BANKED LINKER/LOCATER V6.22                                                      04/20/2012  16:19:02  PAGE 19


  C:31DCH         LINE#         582
  C:31E5H         LINE#         583
  C:321CH         LINE#         584
  C:3238H         LINE#         585
  C:3255H         LINE#         586
  C:3272H         LINE#         588
  C:3294H         LINE#         589
  C:32AFH         LINE#         590
  C:32DDH         LINE#         591
  C:3302H         LINE#         592
  C:330AH         LINE#         593
  C:332CH         LINE#         594
  C:3356H         LINE#         595
  C:335EH         LINE#         596
  C:3399H         LINE#         600
  C:3399H         LINE#         601
  C:33B8H         LINE#         602
  C:33D2H         LINE#         603
  C:33D2H         LINE#         604
  C:33D2H         LINE#         605
  C:33D2H         LINE#         607
  C:33EEH         LINE#         608
  C:3425H         LINE#         610
  C:3427H         LINE#         611
  -------         ENDPROC       _DIR_NEXT
  -------         PROC          _DIR_FIND
  X:0498H         SYMBOL        dj
  -------         DO            
  X:049BH         SYMBOL        res
  D:0006H         SYMBOL        a
  D:0007H         SYMBOL        c
  X:049CH         SYMBOL        lfen
  X:049DH         SYMBOL        ord
  X:049EH         SYMBOL        sum
  D:0001H         SYMBOL        dir
  -------         ENDDO         
  C:65D9H         LINE#         778
  C:65E4H         LINE#         781
  C:65E4H         LINE#         786
  C:65EFH         LINE#         787
  C:65F4H         LINE#         789
  C:661BH         LINE#         790
  C:661BH         LINE#         791
  C:6651H         LINE#         792
  C:6653H         LINE#         793
  C:6664H         LINE#         794
  C:6668H         LINE#         795
  C:6672H         LINE#         796
  C:667BH         LINE#         824
  C:66BFH         LINE#         825
  C:66BFH         LINE#         827
  C:66CAH         LINE#         828
  C:66CFH         LINE#         830
  C:66D4H         LINE#         831
  -------         ENDPROC       _DIR_FIND
  -------         PROC          _DIR_READ
  X:0AE5H         SYMBOL        dj
BL51 BANKED LINKER/LOCATER V6.22                                                      04/20/2012  16:19:02  PAGE 20


  -------         DO            
  X:0AE8H         SYMBOL        res
  D:0006H         SYMBOL        a
  D:0007H         SYMBOL        c
  X:0AE9H         SYMBOL        ord
  X:0AEAH         SYMBOL        sum
  D:0001H         SYMBOL        dir
  -------         ENDDO         
  C:6A3BH         LINE#         841
  C:6A46H         LINE#         844
  C:6A46H         LINE#         849
  C:6A50H         LINE#         850
  C:6A56H         LINE#         851
  C:6A6DH         LINE#         852
  C:6A98H         LINE#         853
  C:6A9AH         LINE#         854
  C:6AABH         LINE#         855
  C:6AAFH         LINE#         856
  C:6AB9H         LINE#         857
  C:6AC2H         LINE#         877
  C:6AD0H         LINE#         878
  C:6AD0H         LINE#         880
  C:6ADBH         LINE#         881
  C:6AE0H         LINE#         884
  C:6AFCH         LINE#         886
  C:6AFCH         LINE#         887
  -------         ENDPROC       _DIR_READ
  -------         PROC          _DIR_REGISTER
  X:048EH         SYMBOL        dj
  -------         DO            
  D:0006H         SYMBOL        res
  D:0007H         SYMBOL        c
  X:0491H         SYMBOL        dir
  -------         ENDDO         
  C:5FFFH         LINE#         897
  C:600AH         LINE#         900
  C:600AH         LINE#         962
  C:6012H         LINE#         963
  C:6015H         LINE#         964
  C:6015H         LINE#         965
  C:6048H         LINE#         966
  C:604BH         LINE#         967
  C:6060H         LINE#         968
  C:6067H         LINE#         969
  C:6079H         LINE#         970
  C:607CH         LINE#         971
  C:607CH         LINE#         974
  C:6082H         LINE#         975
  C:60B5H         LINE#         976
  C:60BBH         LINE#         977
  C:60D7H         LINE#         978
  C:60E6H         LINE#         979
  C:610FH         LINE#         980
  C:613BH         LINE#         981
  C:6154H         LINE#         982
  C:6154H         LINE#         983
  C:6154H         LINE#         985
BL51 BANKED LINKER/LOCATER V6.22                                                      04/20/2012  16:19:02  PAGE 21


  C:6156H         LINE#         986
  -------         ENDPROC       _DIR_REGISTER
  -------         PROC          _DIR_REMOVE
  X:0AF0H         SYMBOL        dj
  -------         DO            
  D:0007H         SYMBOL        res
  -------         ENDDO         
  C:6F69H         LINE#         997
  C:6F74H         LINE#         1000
  C:6F74H         LINE#         1021
  C:6F97H         LINE#         1022
  C:6F9AH         LINE#         1023
  C:6FCBH         LINE#         1024
  C:6FCEH         LINE#         1025
  C:6FE4H         LINE#         1026
  C:6FFDH         LINE#         1027
  C:6FFDH         LINE#         1028
  C:6FFDH         LINE#         1031
  C:6FFDH         LINE#         1032
  -------         ENDPROC       _DIR_REMOVE
  -------         PROC          _CREATE_NAME
  D:0001H         SYMBOL        dj
  X:049BH         SYMBOL        path
  -------         DO            
  X:049EH         SYMBOL        c
  X:049FH         SYMBOL        d
  X:04A0H         SYMBOL        b
  X:04A1H         SYMBOL        sfn
  X:04A4H         SYMBOL        ni
  X:04A6H         SYMBOL        si
  X:04A8H         SYMBOL        i
  X:04AAH         SYMBOL        p
  -------         ENDDO         
  C:4A05H         LINE#         1043
  C:4A05H         LINE#         1047
  C:4A05H         LINE#         1149
  C:4A16H         LINE#         1150
  C:4A26H         LINE#         1151
  C:4A3FH         LINE#         1152
  C:4A58H         LINE#         1153
  C:4A58H         LINE#         1154
  C:4A79H         LINE#         1155
  C:4A93H         LINE#         1156
  C:4AB4H         LINE#         1157
  C:4ACBH         LINE#         1158
  C:4ADDH         LINE#         1159
  C:4AE9H         LINE#         1160
  C:4AE9H         LINE#         1161
  C:4AF9H         LINE#         1162
  C:4B0FH         LINE#         1163
  C:4B30H         LINE#         1164
  C:4B64H         LINE#         1165
  C:4B67H         LINE#         1166
  C:4B8AH         LINE#         1167
  C:4B8FH         LINE#         1168
  C:4B91H         LINE#         1169
  C:4BA5H         LINE#         1170
BL51 BANKED LINKER/LOCATER V6.22                                                      04/20/2012  16:19:02  PAGE 22


  C:4BA8H         LINE#         1171
  C:4BB8H         LINE#         1172
  C:4BBFH         LINE#         1173
  C:4BC1H         LINE#         1174
  C:4BD1H         LINE#         1175
  C:4BDFH         LINE#         1176
  C:4BDFH         LINE#         1177
  C:4BDFH         LINE#         1178
  C:4C02H         LINE#         1179
  C:4C02H         LINE#         1180
  C:4C05H         LINE#         1181
  C:4C32H         LINE#         1182
  C:4C46H         LINE#         1184
  C:4C53H         LINE#         1185
  C:4C69H         LINE#         1187
  C:4C7EH         LINE#         1188
  C:4C90H         LINE#         1189
  C:4C9EH         LINE#         1191
  C:4CB5H         LINE#         1194
  C:4CB7H         LINE#         1195
  -------         ENDPROC       _CREATE_NAME
  -------         PROC          _GET_FILEINFO
  X:0AC7H         SYMBOL        dj
  X:0ACAH         SYMBOL        fno
  -------         DO            
  D:0006H         SYMBOL        i
  X:0ACDH         SYMBOL        c
  X:0ACEH         SYMBOL        nt
  X:0ACFH         SYMBOL        dir
  X:0AD2H         SYMBOL        p
  -------         ENDDO         
  C:4CB8H         LINE#         1205
  C:4CC3H         LINE#         1209
  C:4CC3H         LINE#         1215
  C:4CDCH         LINE#         1216
  C:4CF6H         LINE#         1217
  C:4D0DH         LINE#         1218
  C:4D17H         LINE#         1219
  C:4D1AH         LINE#         1220
  C:4D30H         LINE#         1221
  C:4D34H         LINE#         1222
  C:4D3EH         LINE#         1223
  C:4D59H         LINE#         1224
  C:4D72H         LINE#         1225
  C:4D7DH         LINE#         1226
  C:4D92H         LINE#         1227
  C:4DA7H         LINE#         1228
  C:4DABH         LINE#         1229
  C:4DC1H         LINE#         1230
  C:4DC5H         LINE#         1231
  C:4DE0H         LINE#         1232
  C:4DF9H         LINE#         1233
  C:4E04H         LINE#         1234
  C:4E04H         LINE#         1235
  C:4E28H         LINE#         1236
  C:4ED3H         LINE#         1237
  C:4F02H         LINE#         1238
BL51 BANKED LINKER/LOCATER V6.22                                                      04/20/2012  16:19:02  PAGE 23


  C:4F31H         LINE#         1239
  C:4F31H         LINE#         1240
  -------         ENDPROC       _GET_FILEINFO
  -------         PROC          _FOLLOW_PATH
  X:048EH         SYMBOL        dj
  X:0491H         SYMBOL        path
  -------         DO            
  X:0494H         SYMBOL        res
  X:0495H         SYMBOL        dir
  D:0006H         SYMBOL        last
  -------         ENDDO         
  C:5B37H         LINE#         1273
  C:5B42H         LINE#         1277
  C:5B42H         LINE#         1282
  C:5B61H         LINE#         1284
  C:5BA7H         LINE#         1287
  C:5BBAH         LINE#         1288
  C:5BC5H         LINE#         1289
  C:5BE2H         LINE#         1291
  C:5BE5H         LINE#         1292
  C:5BE5H         LINE#         1293
  C:5C06H         LINE#         1294
  C:5C0BH         LINE#         1295
  C:5C1EH         LINE#         1296
  C:5C38H         LINE#         1297
  C:5C3BH         LINE#         1298
  C:5C4CH         LINE#         1299
  C:5C4CH         LINE#         1300
  C:5C4EH         LINE#         1301
  C:5C4EH         LINE#         1302
  C:5C54H         LINE#         1303
  C:5C70H         LINE#         1304
  C:5C79H         LINE#         1305
  C:5C81H         LINE#         1306
  C:5C81H         LINE#         1307
  C:5CDFH         LINE#         1308
  C:5CE2H         LINE#         1309
  C:5CE2H         LINE#         1311
  C:5CE7H         LINE#         1312
  -------         ENDPROC       _FOLLOW_PATH
  -------         PROC          _CHECK_FS
  X:04AEH         SYMBOL        fs
  X:04B1H         SYMBOL        sect
  C:66D5H         LINE#         1322
  C:66E6H         LINE#         1326
  C:66E6H         LINE#         1327
  C:6718H         LINE#         1328
  C:671BH         LINE#         1329
  C:674DH         LINE#         1330
  C:6750H         LINE#         1332
  C:6773H         LINE#         1333
  C:6775H         LINE#         1334
  C:67B5H         LINE#         1335
  C:67B8H         LINE#         1337
  C:67BAH         LINE#         1338
  -------         ENDPROC       _CHECK_FS
  -------         PROC          _AUTO_MOUNT
BL51 BANKED LINKER/LOCATER V6.22                                                      04/20/2012  16:19:02  PAGE 24


  X:048EH         SYMBOL        path
  X:0491H         SYMBOL        rfs
  X:0494H         SYMBOL        chk_wp
  -------         DO            
  D:0007H         SYMBOL        res
  X:0495H         SYMBOL        vol
  X:0496H         SYMBOL        fmt
  X:0497H         SYMBOL        tbl
  X:049AH         SYMBOL        stat
  X:049BH         SYMBOL        bsect
  X:049FH         SYMBOL        fsize
  X:04A3H         SYMBOL        tsect
  X:04A7H         SYMBOL        mclst
  D:0001H         SYMBOL        p
  X:04ABH         SYMBOL        fs
  -------         ENDDO         
  C:0003H         LINE#         1348
  C:000EH         LINE#         1353
  C:000EH         LINE#         1358
  C:001CH         LINE#         1363
  C:0025H         LINE#         1364
  C:0033H         LINE#         1365
  C:003AH         LINE#         1366
  C:004EH         LINE#         1367
  C:0050H         LINE#         1368
  C:0055H         LINE#         1369
  C:0055H         LINE#         1372
  C:0062H         LINE#         1373
  C:0097H         LINE#         1374
  C:00AAH         LINE#         1378
  C:00BAH         LINE#         1379
  C:00C9H         LINE#         1380
  C:00CCH         LINE#         1382
  C:00D9H         LINE#         1383
  C:00DCH         LINE#         1385
  C:00DFH         LINE#         1386
  C:00DFH         LINE#         1387
  C:00DFH         LINE#         1391
  C:00EEH         LINE#         1392
  C:0105H         LINE#         1393
  C:0114H         LINE#         1394
  C:0117H         LINE#         1395
  C:011AH         LINE#         1401
  C:0127H         LINE#         1402
  C:012AH         LINE#         1405
  C:0148H         LINE#         1406
  C:014FH         LINE#         1408
  C:016BH         LINE#         1409
  C:0176H         LINE#         1410
  C:0231H         LINE#         1411
  C:0252H         LINE#         1412
  C:0252H         LINE#         1413
  C:0252H         LINE#         1414
  C:025DH         LINE#         1415
  C:0281H         LINE#         1416
  C:0284H         LINE#         1419
  C:02A8H         LINE#         1420
BL51 BANKED LINKER/LOCATER V6.22                                                      04/20/2012  16:19:02  PAGE 25


  C:0362H         LINE#         1421
  C:0381H         LINE#         1422
  C:038DH         LINE#         1423
  C:03CAH         LINE#         1424
  C:040FH         LINE#         1425
  C:041BH         LINE#         1426
  C:0434H         LINE#         1427
  C:044DH         LINE#         1428
  C:0507H         LINE#         1430
  C:05D2H         LINE#         1433
  C:05D8H         LINE#         1434
  C:05F9H         LINE#         1435
  C:061AH         LINE#         1437
  C:0628H         LINE#         1438
  C:06C9H         LINE#         1440
  C:06FEH         LINE#         1441
  C:0776H         LINE#         1445
  C:0780H         LINE#         1446
  C:0787H         LINE#         1448
  C:0792H         LINE#         1449
  C:07D7H         LINE#         1450
  C:07DEH         LINE#         1454
  C:0999H         LINE#         1455
  C:0A47H         LINE#         1456
  C:0AF5H         LINE#         1457
  C:0AF5H         LINE#         1458
  C:0AF5H         LINE#         1460
  C:0B0AH         LINE#         1461
  C:0B11H         LINE#         1462
  C:0B2EH         LINE#         1463
  C:0B30H         LINE#         1465
  C:0B30H         LINE#         1466
  -------         ENDPROC       _AUTO_MOUNT
  -------         PROC          _VALIDATE
  D:0001H         SYMBOL        fs
  D:0004H         SYMBOL        id
  C:767DH         LINE#         1476
  C:767DH         LINE#         1480
  C:767DH         LINE#         1481
  C:7695H         LINE#         1482
  C:7698H         LINE#         1486
  C:76A6H         LINE#         1487
  C:76A9H         LINE#         1489
  C:76ABH         LINE#         1490
  -------         ENDPROC       _VALIDATE
  -------         PROC          _F_MOUNT
  D:0007H         SYMBOL        vol
  X:0456H         SYMBOL        fs
  -------         DO            
  D:0001H         SYMBOL        rfs
  -------         ENDDO         
  C:7384H         LINE#         1507
  C:738FH         LINE#         1511
  C:738FH         LINE#         1515
  C:7395H         LINE#         1516
  C:7398H         LINE#         1517
  C:73AEH         LINE#         1519
BL51 BANKED LINKER/LOCATER V6.22                                                      04/20/2012  16:19:02  PAGE 26


  C:73B3H         LINE#         1523
  C:73B7H         LINE#         1524
  C:73B7H         LINE#         1526
  C:73C7H         LINE#         1527
  C:73CBH         LINE#         1531
  C:73CBH         LINE#         1532
  C:73ECH         LINE#         1534
  C:73EEH         LINE#         1535
  -------         ENDPROC       _F_MOUNT
  -------         PROC          _F_OPEN
  X:0456H         SYMBOL        fp
  X:0459H         SYMBOL        path
  X:045CH         SYMBOL        mode
  -------         DO            
  X:045DH         SYMBOL        res
  X:045EH         SYMBOL        dj
  X:0477H         SYMBOL        sfn
  X:0483H         SYMBOL        dir
  -------         DO            
  X:0486H         SYMBOL        ps
  X:048AH         SYMBOL        cl
  -------         ENDDO         
  -------         ENDDO         
  C:270BH         LINE#         1544
  C:2716H         LINE#         1549
  C:2716H         LINE#         1556
  C:2730H         LINE#         1558
  C:2738H         LINE#         1559
  C:2759H         LINE#         1564
  C:275EH         LINE#         1565
  C:276CH         LINE#         1566
  C:278FH         LINE#         1570
  C:279AH         LINE#         1573
  C:279FH         LINE#         1574
  C:27A2H         LINE#         1575
  C:27B0H         LINE#         1576
  C:27B8H         LINE#         1577
  C:27BFH         LINE#         1578
  C:27D4H         LINE#         1579
  C:27D7H         LINE#         1580
  C:27D7H         LINE#         1581
  C:27DFH         LINE#         1582
  C:27E2H         LINE#         1583
  C:27F8H         LINE#         1584
  C:2812H         LINE#         1585
  C:2815H         LINE#         1586
  C:281CH         LINE#         1587
  C:286FH         LINE#         1588
  C:2888H         LINE#         1589
  C:2896H         LINE#         1590
  C:28B2H         LINE#         1591
  C:28C5H         LINE#         1592
  C:28D1H         LINE#         1593
  C:28E5H         LINE#         1594
  C:28F8H         LINE#         1595
  C:28FDH         LINE#         1596
  C:292AH         LINE#         1597
BL51 BANKED LINKER/LOCATER V6.22                                                      04/20/2012  16:19:02  PAGE 27


  C:292AH         LINE#         1598
  C:294BH         LINE#         1599
  C:2950H         LINE#         1600
  C:2950H         LINE#         1601
  C:2950H         LINE#         1602
  C:295AH         LINE#         1603
  C:296CH         LINE#         1604
  C:2975H         LINE#         1605
  C:29D1H         LINE#         1606
  C:29E4H         LINE#         1607
  C:29EBH         LINE#         1608
  C:29EBH         LINE#         1609
  C:29EDH         LINE#         1611
  C:29EDH         LINE#         1613
  C:29F5H         LINE#         1614
  C:2A0BH         LINE#         1615
  C:2A25H         LINE#         1616
  C:2A28H         LINE#         1618
  C:2A33H         LINE#         1619
  C:2A36H         LINE#         1620
  C:2A36H         LINE#         1621
  C:2A58H         LINE#         1622
  C:2A7AH         LINE#         1624
  C:2A91H         LINE#         1626
  C:2AEFH         LINE#         1627
  C:2B9DH         LINE#         1628
  C:2BAFH         LINE#         1629
  C:2BB9H         LINE#         1630
  C:2BFFH         LINE#         1632
  C:2C01H         LINE#         1633
  -------         ENDPROC       _F_OPEN
  -------         PROC          _F_READ
  X:0456H         SYMBOL        fp
  X:0459H         SYMBOL        buff
  X:045CH         SYMBOL        btr
  X:045EH         SYMBOL        br
  -------         DO            
  D:0007H         SYMBOL        res
  X:0461H         SYMBOL        clst
  X:0465H         SYMBOL        sect
  X:0469H         SYMBOL        remain
  X:046DH         SYMBOL        rcnt
  X:046FH         SYMBOL        cc
  X:0471H         SYMBOL        rbuff
  -------         ENDDO         
  C:214FH         LINE#         1642
  C:215AH         LINE#         1648
  C:215AH         LINE#         1652
  C:216DH         LINE#         1655
  C:217EH         LINE#         1657
  C:21AFH         LINE#         1658
  C:21B3H         LINE#         1659
  C:21C8H         LINE#         1660
  C:21CBH         LINE#         1661
  C:21CFH         LINE#         1662
  C:21D2H         LINE#         1663
  C:220CH         LINE#         1664
BL51 BANKED LINKER/LOCATER V6.22                                                      04/20/2012  16:19:02  PAGE 28


  C:223CH         LINE#         1667
  C:2249H         LINE#         1668
  C:226EH         LINE#         1669
  C:229BH         LINE#         1670
  C:22F0H         LINE#         1672
  C:230DH         LINE#         1673
  C:232AH         LINE#         1674
  C:2349H         LINE#         1675
  C:2350H         LINE#         1676
  C:2350H         LINE#         1677
  C:2384H         LINE#         1678
  C:23B3H         LINE#         1679
  C:23F9H         LINE#         1680
  C:240AH         LINE#         1681
  C:240FH         LINE#         1682
  C:244AH         LINE#         1683
  C:247AH         LINE#         1684
  C:24C1H         LINE#         1685
  C:24C4H         LINE#         1686
  C:24DDH         LINE#         1687
  C:24E7H         LINE#         1688
  C:24EAH         LINE#         1689
  C:24EAH         LINE#         1692
  C:24FEH         LINE#         1693
  C:254BH         LINE#         1694
  C:254EH         LINE#         1695
  C:2566H         LINE#         1696
  C:2566H         LINE#         1698
  C:258BH         LINE#         1699
  C:25D4H         LINE#         1700
  C:25EFH         LINE#         1701
  C:25EFH         LINE#         1703
  C:260EH         LINE#         1704
  C:2616H         LINE#         1705
  C:2616H         LINE#         1706
  C:263AH         LINE#         1707
  C:2650H         LINE#         1713
  C:2695H         LINE#         1715
  C:2695H         LINE#         1667
  C:2708H         LINE#         1718
  C:270AH         LINE#         1719
  -------         ENDPROC       _F_READ
  -------         PROC          _F_WRITE
  X:0456H         SYMBOL        fp
  X:0459H         SYMBOL        buff
  X:045CH         SYMBOL        btw
  X:045EH         SYMBOL        bw
  -------         DO            
  D:0007H         SYMBOL        res
  X:0461H         SYMBOL        clst
  X:0465H         SYMBOL        sect
  X:0469H         SYMBOL        wcnt
  X:046BH         SYMBOL        cc
  X:046DH         SYMBOL        wbuff
  -------         ENDDO         
  C:1ADBH         LINE#         1729
  C:1AE6H         LINE#         1735
BL51 BANKED LINKER/LOCATER V6.22                                                      04/20/2012  16:19:02  PAGE 29


  C:1AE6H         LINE#         1739
  C:1AF9H         LINE#         1742
  C:1B0AH         LINE#         1744
  C:1B3BH         LINE#         1745
  C:1B3FH         LINE#         1746
  C:1B54H         LINE#         1747
  C:1B57H         LINE#         1748
  C:1B5BH         LINE#         1749
  C:1B5EH         LINE#         1750
  C:1B96H         LINE#         1753
  C:1BA3H         LINE#         1754
  C:1BC8H         LINE#         1755
  C:1BF5H         LINE#         1756
  C:1C06H         LINE#         1757
  C:1C1DH         LINE#         1758
  C:1C36H         LINE#         1759
  C:1C53H         LINE#         1760
  C:1C55H         LINE#         1761
  C:1C89H         LINE#         1762
  C:1C89H         LINE#         1763
  C:1CA5H         LINE#         1764
  C:1CC2H         LINE#         1765
  C:1CDFH         LINE#         1766
  C:1CFEH         LINE#         1767
  C:1D05H         LINE#         1768
  C:1D05H         LINE#         1773
  C:1D19H         LINE#         1774
  C:1D66H         LINE#         1775
  C:1D69H         LINE#         1776
  C:1D81H         LINE#         1777
  C:1D81H         LINE#         1779
  C:1DB5H         LINE#         1780
  C:1DE4H         LINE#         1781
  C:1E2AH         LINE#         1782
  C:1E3BH         LINE#         1783
  C:1E40H         LINE#         1784
  C:1E7BH         LINE#         1785
  C:1EABH         LINE#         1786
  C:1EF7H         LINE#         1787
  C:1EFAH         LINE#         1788
  C:1F13H         LINE#         1789
  C:1F1DH         LINE#         1790
  C:1F20H         LINE#         1791
  C:1F20H         LINE#         1798
  C:1F48H         LINE#         1799
  C:1FAEH         LINE#         1801
  C:1FC9H         LINE#         1802
  C:1FC9H         LINE#         1804
  C:1FE8H         LINE#         1805
  C:1FF0H         LINE#         1806
  C:1FF0H         LINE#         1807
  C:2014H         LINE#         1808
  C:202AH         LINE#         1815
  C:2075H         LINE#         1816
  C:208DH         LINE#         1818
  C:208DH         LINE#         1753
  C:2100H         LINE#         1820
BL51 BANKED LINKER/LOCATER V6.22                                                      04/20/2012  16:19:02  PAGE 30


  C:2134H         LINE#         1821
  C:214CH         LINE#         1823
  C:214EH         LINE#         1824
  -------         ENDPROC       _F_WRITE
  -------         PROC          _F_SYNC
  X:0459H         SYMBOL        fp
  -------         DO            
  X:045CH         SYMBOL        res
  X:045DH         SYMBOL        tim
  X:0461H         SYMBOL        dir
  -------         ENDDO         
  C:4421H         LINE#         1833
  C:442CH         LINE#         1836
  C:442CH         LINE#         1842
  C:4457H         LINE#         1843
  C:445CH         LINE#         1844
  C:4474H         LINE#         1846
  C:4477H         LINE#         1847
  C:44C4H         LINE#         1848
  C:44C7H         LINE#         1849
  C:44DFH         LINE#         1850
  C:44DFH         LINE#         1853
  C:4512H         LINE#         1854
  C:4517H         LINE#         1855
  C:4533H         LINE#         1856
  C:454BH         LINE#         1857
  C:45E3H         LINE#         1858
  C:462BH         LINE#         1859
  C:467DH         LINE#         1860
  C:4686H         LINE#         1861
  C:46E0H         LINE#         1862
  C:46F8H         LINE#         1863
  C:4706H         LINE#         1864
  C:470EH         LINE#         1865
  C:470EH         LINE#         1866
  C:470EH         LINE#         1867
  C:470EH         LINE#         1869
  C:4713H         LINE#         1870
  -------         ENDPROC       _F_SYNC
  -------         PROC          _F_CLOSE
  X:0456H         SYMBOL        fp
  -------         DO            
  D:0007H         SYMBOL        res
  -------         ENDDO         
  C:76ACH         LINE#         1881
  C:76B7H         LINE#         1884
  C:76B7H         LINE#         1893
  C:76BAH         LINE#         1894
  C:76D4H         LINE#         1895
  C:76D4H         LINE#         1897
  -------         ENDPROC       _F_CLOSE
  -------         PROC          _F_LSEEK
  X:0A87H         SYMBOL        fp
  X:0A8AH         SYMBOL        ofs
  -------         DO            
  X:0A8EH         SYMBOL        res
  X:0A8FH         SYMBOL        clst
BL51 BANKED LINKER/LOCATER V6.22                                                      04/20/2012  16:19:02  PAGE 31


  X:0A93H         SYMBOL        bcs
  X:0A97H         SYMBOL        nsect
  X:0A9BH         SYMBOL        ifptr
  -------         ENDDO         
  C:13A9H         LINE#         1907
  C:13BAH         LINE#         1911
  C:13BAH         LINE#         1916
  C:13E5H         LINE#         1917
  C:13EAH         LINE#         1918
  C:13FEH         LINE#         1919
  C:1401H         LINE#         1920
  C:142FH         LINE#         1924
  C:143BH         LINE#         1926
  C:1452H         LINE#         1927
  C:1464H         LINE#         1928
  C:146EH         LINE#         1929
  C:148AH         LINE#         1930
  C:14AEH         LINE#         1931
  C:1545H         LINE#         1932
  C:1545H         LINE#         1933
  C:15A5H         LINE#         1934
  C:15CCH         LINE#         1935
  C:15E3H         LINE#         1936
  C:15E6H         LINE#         1937
  C:15FDH         LINE#         1939
  C:1616H         LINE#         1940
  C:1622H         LINE#         1941
  C:163FH         LINE#         1942
  C:165CH         LINE#         1943
  C:167BH         LINE#         1944
  C:167BH         LINE#         1946
  C:169AH         LINE#         1947
  C:169AH         LINE#         1948
  C:16B6H         LINE#         1949
  C:16DBH         LINE#         1951
  C:16EFH         LINE#         1952
  C:1709H         LINE#         1953
  C:1722H         LINE#         1954
  C:1739H         LINE#         1955
  C:1739H         LINE#         1956
  C:1739H         LINE#         1958
  C:1753H         LINE#         1959
  C:1770H         LINE#         1960
  C:17B5H         LINE#         1961
  C:17D4H         LINE#         1962
  C:1801H         LINE#         1963
  C:1830H         LINE#         1964
  C:1833H         LINE#         1965
  C:1869H         LINE#         1966
  C:1892H         LINE#         1967
  C:18AAH         LINE#         1968
  C:18B9H         LINE#         1969
  C:18E8H         LINE#         1970
  C:192EH         LINE#         1971
  C:1941H         LINE#         1972
  C:1941H         LINE#         1973
  C:1941H         LINE#         1974
BL51 BANKED LINKER/LOCATER V6.22                                                      04/20/2012  16:19:02  PAGE 32


  C:1941H         LINE#         1975
  C:199FH         LINE#         1978
  C:19A8H         LINE#         1979
  C:19F5H         LINE#         1980
  C:19F7H         LINE#         1981
  C:1A0FH         LINE#         1982
  C:1A0FH         LINE#         1984
  C:1A58H         LINE#         1985
  C:1A73H         LINE#         1987
  C:1A92H         LINE#         1988
  C:1A92H         LINE#         1990
  C:1AAFH         LINE#         1991
  C:1AC6H         LINE#         1992
  C:1AD5H         LINE#         1993
  C:1AD5H         LINE#         1996
  C:1ADAH         LINE#         1997
  -------         ENDPROC       _F_LSEEK
  -------         PROC          _F_OPENDIR
  X:0A9FH         SYMBOL        dj
  X:0AA2H         SYMBOL        path
  -------         DO            
  X:0AA5H         SYMBOL        res
  X:0AA6H         SYMBOL        sfn
  X:0AB2H         SYMBOL        dir
  -------         ENDDO         
  C:5CE8H         LINE#         2007
  C:5CF3H         LINE#         2011
  C:5CF3H         LINE#         2017
  C:5D1FH         LINE#         2018
  C:5D24H         LINE#         2019
  C:5D41H         LINE#         2020
  C:5D69H         LINE#         2021
  C:5D6EH         LINE#         2022
  C:5D8AH         LINE#         2023
  C:5D8EH         LINE#         2024
  C:5DA2H         LINE#         2025
  C:5DE4H         LINE#         2026
  C:5DE6H         LINE#         2027
  C:5DECH         LINE#         2028
  C:5DECH         LINE#         2029
  C:5DEEH         LINE#         2030
  C:5E34H         LINE#         2031
  C:5E34H         LINE#         2032
  C:5E45H         LINE#         2033
  C:5E6FH         LINE#         2034
  C:5E71H         LINE#         2035
  C:5E7BH         LINE#         2036
  C:5E7BH         LINE#         2037
  C:5E7BH         LINE#         2039
  C:5E80H         LINE#         2040
  -------         ENDPROC       _F_OPENDIR
  -------         PROC          _F_READDIR
  X:0AB5H         SYMBOL        dj
  X:0AB8H         SYMBOL        fno
  -------         DO            
  D:0007H         SYMBOL        res
  X:0ABBH         SYMBOL        sfn
BL51 BANKED LINKER/LOCATER V6.22                                                      04/20/2012  16:19:02  PAGE 33


  -------         ENDDO         
  C:67BBH         LINE#         2049
  C:67C6H         LINE#         2053
  C:67C6H         LINE#         2058
  C:67ECH         LINE#         2059
  C:67F2H         LINE#         2060
  C:680FH         LINE#         2061
  C:681FH         LINE#         2062
  C:6825H         LINE#         2063
  C:6827H         LINE#         2064
  C:6835H         LINE#         2065
  C:6839H         LINE#         2066
  C:684EH         LINE#         2067
  C:6850H         LINE#         2068
  C:6850H         LINE#         2069
  C:6853H         LINE#         2070
  C:6876H         LINE#         2071
  C:687CH         LINE#         2072
  C:6880H         LINE#         2073
  C:6895H         LINE#         2074
  C:6897H         LINE#         2075
  C:6897H         LINE#         2076
  C:6897H         LINE#         2077
  C:6897H         LINE#         2078
  C:6897H         LINE#         2080
  C:6897H         LINE#         2081
  -------         ENDPROC       _F_READDIR
  -------         PROC          _F_STAT
  X:0A16H         SYMBOL        path
  X:0A19H         SYMBOL        fno
  -------         DO            
  X:0A1CH         SYMBOL        res
  X:0A1DH         SYMBOL        dj
  X:0A36H         SYMBOL        sfn
  -------         ENDDO         
  C:6DA2H         LINE#         2090
  C:6DADH         LINE#         2094
  C:6DADH         LINE#         2100
  C:6DCCH         LINE#         2101
  C:6DCEH         LINE#         2102
  C:6DDDH         LINE#         2103
  C:6DFEH         LINE#         2104
  C:6E00H         LINE#         2105
  C:6E10H         LINE#         2106
  C:6E30H         LINE#         2108
  C:6E36H         LINE#         2109
  C:6E36H         LINE#         2110
  C:6E36H         LINE#         2112
  C:6E3BH         LINE#         2113
  -------         ENDPROC       _F_STAT
  -------         PROC          _F_TRUNCATE
  X:0AD5H         SYMBOL        fp
  -------         DO            
  X:0AD8H         SYMBOL        res
  X:0AD9H         SYMBOL        ncl
  -------         ENDDO         
  C:51AEH         LINE#         2122
BL51 BANKED LINKER/LOCATER V6.22                                                      04/20/2012  16:19:02  PAGE 34


  C:51B9H         LINE#         2125
  C:51B9H         LINE#         2130
  C:51E4H         LINE#         2131
  C:51E9H         LINE#         2132
  C:51FEH         LINE#         2133
  C:5201H         LINE#         2134
  C:5205H         LINE#         2135
  C:5208H         LINE#         2137
  C:521DH         LINE#         2138
  C:5234H         LINE#         2139
  C:5243H         LINE#         2140
  C:525FH         LINE#         2141
  C:5292H         LINE#         2142
  C:52A7H         LINE#         2143
  C:52AAH         LINE#         2144
  C:52DEH         LINE#         2145
  C:52E3H         LINE#         2146
  C:5300H         LINE#         2147
  C:5320H         LINE#         2148
  C:5351H         LINE#         2149
  C:539EH         LINE#         2150
  C:53B9H         LINE#         2151
  C:53B9H         LINE#         2152
  C:53B9H         LINE#         2153
  C:53B9H         LINE#         2154
  C:53D8H         LINE#         2156
  C:53D8H         LINE#         2157
  -------         ENDPROC       _F_TRUNCATE
  -------         PROC          _F_GETFREE
  X:0A6CH         SYMBOL        path
  X:0A6FH         SYMBOL        nclst
  X:0A72H         SYMBOL        fatfs
  -------         DO            
  X:0A75H         SYMBOL        res
  X:0A76H         SYMBOL        n
  X:0A7AH         SYMBOL        clst
  X:0A7EH         SYMBOL        sect
  X:0A82H         SYMBOL        fat
  X:0A83H         SYMBOL        f
  X:0A84H         SYMBOL        p
  -------         ENDDO         
  C:3E0CH         LINE#         2166
  C:3E17H         LINE#         2171
  C:3E17H         LINE#         2178
  C:3E3DH         LINE#         2179
  C:3E42H         LINE#         2182
  C:3E72H         LINE#         2183
  C:3E86H         LINE#         2184
  C:3E89H         LINE#         2185
  C:3E89H         LINE#         2188
  C:3EA0H         LINE#         2189
  C:3EAAH         LINE#         2190
  C:3EAFH         LINE#         2191
  C:3EB9H         LINE#         2192
  C:3EB9H         LINE#         2193
  C:3EF0H         LINE#         2194
  C:3F28H         LINE#         2195
BL51 BANKED LINKER/LOCATER V6.22                                                      04/20/2012  16:19:02  PAGE 35


  C:3F2BH         LINE#         2196
  C:3F45H         LINE#         2197
  C:3F51H         LINE#         2198
  C:3F5FH         LINE#         2199
  C:3F5FH         LINE#         2200
  C:3F65H         LINE#         2201
  C:3F81H         LINE#         2202
  C:3F85H         LINE#         2203
  C:3F86H         LINE#         2204
  C:3FA6H         LINE#         2205
  C:3FA6H         LINE#         2206
  C:3FAEH         LINE#         2207
  C:3FE7H         LINE#         2208
  C:3FF7H         LINE#         2209
  C:3FFAH         LINE#         2210
  C:40BCH         LINE#         2211
  C:40CDH         LINE#         2212
  C:40CDH         LINE#         2213
  C:40DEH         LINE#         2214
  C:40DEH         LINE#         2215
  C:4100H         LINE#         2216
  C:410FH         LINE#         2217
  C:412BH         LINE#         2219
  C:412DH         LINE#         2220
  -------         ENDPROC       _F_GETFREE
  -------         PROC          _F_UNLINK
  X:0962H         SYMBOL        path
  -------         DO            
  X:0965H         SYMBOL        res
  X:0966H         SYMBOL        dj
  X:097FH         SYMBOL        sdj
  X:0998H         SYMBOL        sfn
  X:09A4H         SYMBOL        dir
  X:09A7H         SYMBOL        dclst
  -------         ENDDO         
  C:55E0H         LINE#         2229
  C:55EBH         LINE#         2232
  C:55EBH         LINE#         2240
  C:560AH         LINE#         2241
  C:560FH         LINE#         2243
  C:561DH         LINE#         2244
  C:5640H         LINE#         2245
  C:5645H         LINE#         2247
  C:565BH         LINE#         2248
  C:5660H         LINE#         2249
  C:5663H         LINE#         2250
  C:5677H         LINE#         2251
  C:567AH         LINE#         2252
  C:56CDH         LINE#         2254
  C:56E4H         LINE#         2255
  C:5701H         LINE#         2256
[...]
  -------         PROC          _SPI_TRANSMIT
  D:0007H         SYMBOL        c
  C:77DFH         LINE#         10
  C:77DFH         LINE#         11
  C:77DFH         LINE#         12
  C:77E1H         LINE#         13
  C:77E4H         LINE#         14
  C:77E6H         LINE#         15
  -------         ENDPROC       _SPI_TRANSMIT
  -------         PROC          SPI_RECEIVE
  C:77C1H         LINE#         18
  C:77C1H         LINE#         19
  C:77C1H         LINE#         20
  C:77C4H         LINE#         21
  C:77C7H         LINE#         22
  C:77C9H         LINE#         23
  C:77CBH         LINE#         24
  -------         ENDPROC       SPI_RECEIVE
  -------         ENDMOD        SPI

  -------         MODULE        TEST1_MAIN
  C:0000H         SYMBOL        _ICE_DUMMY_
  D:00A0H         PUBLIC        P2
  C:73EFH         PUBLIC        _test_readMultipleBlock
  C:77D6H         PUBLIC        get_fattime
  C:7228H         PUBLIC        _test_writeMultipleBlock
  C:7453H         PUBLIC        _test_readSingleBlock
  D:00D9H         PUBLIC        PCA0MD
  X:0501H         PUBLIC        buff
  C:6898H         PUBLIC        main
  C:72A4H         PUBLIC        _test_writeSingleBlock
  C:64C8H         PUBLIC        test_FileWR
  -------         PROC          GET_FATTIME
  -------         DO            
  D:0004H         SYMBOL        tmr
  -------         ENDDO         
  C:77D6H         LINE#         13
  C:77D6H         LINE#         14
  C:77D6H         LINE#         15
BL51 BANKED LINKER/LOCATER V6.22                                                      04/20/2012  16:19:02  PAGE 47


  C:77DEH         LINE#         16
  C:77DEH         LINE#         17
  -------         ENDPROC       GET_FATTIME
  -------         PROC          MAIN
  C:6898H         LINE#         28
  C:6898H         LINE#         29
  C:6898H         LINE#         30
  C:689BH         LINE#         32
  C:689EH         LINE#         34
  C:68A8H         LINE#         36
  C:68B1H         LINE#         37
  C:68BAH         LINE#         38
  C:68C3H         LINE#         40
  C:68CDH         LINE#         41
  C:68D6H         LINE#         43
  C:68D6H         LINE#         44
  C:68DDH         LINE#         47
  C:68E8H         LINE#         48
  C:68F3H         LINE#         51
  C:6904H         LINE#         52
  C:6915H         LINE#         55
  C:6918H         LINE#         56
  C:6918H         LINE#         58
  C:6918H         LINE#         59
  C:6918H         LINE#         60
  C:6921H         LINE#         61
  C:6928H         LINE#         62
  C:6931H         LINE#         63
  C:6938H         LINE#         64
  C:6941H         LINE#         65
  C:6948H         LINE#         66
  C:6951H         LINE#         67
  C:6958H         LINE#         68
  C:6961H         LINE#         69
  C:6968H         LINE#         70
  -------         ENDPROC       MAIN
  -------         PROC          _TEST_READSINGLEBLOCK
  X:0004H         SYMBOL        block_addr
  C:7453H         LINE#         79
  C:7459H         LINE#         80
  C:7459H         LINE#         81
  C:7483H         LINE#         82
  C:748AH         LINE#         84
  C:748AH         LINE#         85
  C:7491H         LINE#         86
  C:749AH         LINE#         87
  C:749DH         LINE#         88
  C:74A7H         LINE#         89
  C:74B4H         LINE#         90
  C:74B4H         LINE#         91
  -------         ENDPROC       _TEST_READSINGLEBLOCK
  -------         PROC          _TEST_WRITESINGLEBLOCK
  X:0000H         SYMBOL        block_addr
  -------         DO            
  D:0006H         SYMBOL        i
  -------         ENDDO         
  C:72A4H         LINE#         94
BL51 BANKED LINKER/LOCATER V6.22                                                      04/20/2012  16:19:02  PAGE 48


  C:72AAH         LINE#         95
  C:72AAH         LINE#         96
  C:72ADH         LINE#         97
  C:72ADH         LINE#         98
  C:72ADH         LINE#         99
  C:72BDH         LINE#         100
  C:72CAH         LINE#         102
  C:72F6H         LINE#         103
  C:72FDH         LINE#         105
  C:72FDH         LINE#         106
  C:7304H         LINE#         107
  C:7315H         LINE#         108
  C:7315H         LINE#         109
  -------         ENDPROC       _TEST_WRITESINGLEBLOCK
  -------         PROC          _TEST_READMULTIPLEBLOCK
  X:0005H         SYMBOL        block_addr
  X:0009H         SYMBOL        count
  C:73EFH         LINE#         112
  C:73F5H         LINE#         113
  C:73F5H         LINE#         114
  C:7421H         LINE#         115
  C:7428H         LINE#         117
  C:7428H         LINE#         118
  C:742FH         LINE#         119
  C:7438H         LINE#         120
  C:743BH         LINE#         121
  C:7445H         LINE#         122
  C:7452H         LINE#         123
  C:7452H         LINE#         124
  -------         ENDPROC       _TEST_READMULTIPLEBLOCK
  -------         PROC          _TEST_WRITEMULTIPLEBLOCK
  X:0000H         SYMBOL        block_addr
  X:0004H         SYMBOL        count
  -------         DO            
  D:0006H         SYMBOL        i
  -------         ENDDO         
  C:7228H         LINE#         127
  C:722EH         LINE#         128
  C:722EH         LINE#         129
  C:7231H         LINE#         130
  C:7231H         LINE#         131
  C:7231H         LINE#         132
  C:7240H         LINE#         133
  C:724DH         LINE#         135
  C:727EH         LINE#         136
  C:7285H         LINE#         138
  C:7285H         LINE#         139
  C:728CH         LINE#         140
  C:72A3H         LINE#         141
  C:72A3H         LINE#         142
  -------         ENDPROC       _TEST_WRITEMULTIPLEBLOCK
  -------         PROC          TEST_FILEWR
  -------         DO            
  X:0000H         SYMBOL        fs
  X:0230H         SYMBOL        file
  X:0452H         SYMBOL        bw
  X:0454H         SYMBOL        br
BL51 BANKED LINKER/LOCATER V6.22                                                      04/20/2012  16:19:02  PAGE 49


  D:0006H         SYMBOL        i
  -------         ENDDO         
  C:64C8H         LINE#         145
  C:64C8H         LINE#         146
  C:64C8H         LINE#         152
  C:64CBH         LINE#         153
  C:64CBH         LINE#         154
  C:64CBH         LINE#         155
  C:64DAH         LINE#         156
  C:64E7H         LINE#         158
  C:64F2H         LINE#         161
  C:6510H         LINE#         162
  C:651CH         LINE#         164
  C:651CH         LINE#         165
  C:6525H         LINE#         167
  C:6551H         LINE#         168
  C:6559H         LINE#         170
  C:6559H         LINE#         171
  C:6562H         LINE#         172
  C:656BH         LINE#         173
  C:656EH         LINE#         174
  C:659CH         LINE#         175
  C:65A5H         LINE#         177
  C:65A5H         LINE#         178
  C:65ACH         LINE#         179
  C:65B5H         LINE#         180
  C:65B8H         LINE#         181
  C:65C5H         LINE#         182
  C:65C5H         LINE#         183
  C:65C5H         LINE#         185
  C:65CEH         LINE#         186
  C:65CEH         LINE#         189
  -------         ENDPROC       TEST_FILEWR
  -------         ENDMOD        TEST1_MAIN

  -------         MODULE        UART
  C:0000H         SYMBOL        _ICE_DUMMY_
  C:77E7H         PUBLIC        receiveByte
  C:77EFH         PUBLIC        _transmitByte
  C:7516H         PUBLIC        _transmitHex
  C:76F5H         SYMBOL        _?ix1000
  B:0098H.0       PUBLIC        RI0
  B:0098H.1       PUBLIC        TI0
  D:0099H         PUBLIC        SBUF0
  C:764AH         PUBLIC        _transmitString
  C:6E3CH         PUBLIC        _displayData
  -------         PROC          RECEIVEBYTE
  -------         DO            
  D:0007H         SYMBOL        InData
  -------         ENDDO         
  C:77E7H         LINE#         6
  C:77E7H         LINE#         7
  C:77E7H         LINE#         10
  C:77EAH         LINE#         11
  C:77ECH         LINE#         12
  C:77EEH         LINE#         13
  C:77EEH         LINE#         14
BL51 BANKED LINKER/LOCATER V6.22                                                      04/20/2012  16:19:02  PAGE 50


  -------         ENDPROC       RECEIVEBYTE
  -------         PROC          _TRANSMITBYTE
  D:0007H         SYMBOL        OutData
  C:77EFH         LINE#         18
  C:77EFH         LINE#         19
  C:77EFH         LINE#         20
  C:77F1H         LINE#         21
  C:77F4H         LINE#         22
  C:77F6H         LINE#         23
  -------         ENDPROC       _TRANSMITBYTE
  -------         PROC          _TRANSMITHEX
  X:045DH         SYMBOL        c
  -------         DO            
  D:0007H         SYMBOL        i
  D:0005H         SYMBOL        temp
  X:045EH         SYMBOL        dataString
  -------         ENDDO         
  C:7516H         LINE#         27
  C:751BH         LINE#         28
  C:751BH         LINE#         30
  C:752EH         LINE#         32
  C:7530H         LINE#         33
  C:7530H         LINE#         34
  C:7538H         LINE#         36
  C:7542H         LINE#         37
  C:7547H         LINE#         39
  C:7557H         LINE#         41
  C:755FH         LINE#         42
  C:7561H         LINE#         44
  -------         ENDPROC       _TRANSMITHEX
  -------         PROC          _TRANSMITSTRING
  X:0463H         SYMBOL        string
  C:764AH         LINE#         49
  C:7655H         LINE#         50
  C:7655H         LINE#         51
  C:7665H         LINE#         52
  C:767CH         LINE#         53
  -------         ENDPROC       _TRANSMITSTRING
  -------         PROC          _DISPLAYDATA
  X:0456H         SYMBOL        buff
  X:0459H         SYMBOL        len
  -------         DO            
  X:045BH         SYMBOL        i
  -------         ENDDO         
  C:6E3CH         LINE#         57
  C:6E4DH         LINE#         58
  C:6E4DH         LINE#         59
  C:6E52H         LINE#         61
  C:6E5CH         LINE#         62
  C:6E76H         LINE#         63
  C:6E76H         LINE#         64
  C:6E8CH         LINE#         65
  C:6E95H         LINE#         66
  C:6EAEH         LINE#         67
  C:6EAEH         LINE#         68
  C:6EB7H         LINE#         69
  C:6EBAH         LINE#         70
BL51 BANKED LINKER/LOCATER V6.22                                                      04/20/2012  16:19:02  PAGE 51


  C:6EC2H         LINE#         71
  C:6EC2H         LINE#         72
  C:6ED2H         LINE#         73
  -------         ENDPROC       _DISPLAYDATA
  -------         ENDMOD        UART

  -------         MODULE        ?C?COPY
  C:0C01H         PUBLIC        ?C?COPY
  -------         ENDMOD        ?C?COPY

  -------         MODULE        ?C?CLDPTR
  C:0C27H         PUBLIC        ?C?CLDPTR
  -------         ENDMOD        ?C?CLDPTR

  -------         MODULE        ?C?CLDOPTR
  C:0C40H         PUBLIC        ?C?CLDOPTR
  -------         ENDMOD        ?C?CLDOPTR

  -------         MODULE        ?C?CILDOPTR
  C:0C6DH         PUBLIC        ?C?CILDOPTR
  -------         ENDMOD        ?C?CILDOPTR

  -------         MODULE        ?C?CSTPTR
  C:0CA0H         PUBLIC        ?C?CSTPTR
  -------         ENDMOD        ?C?CSTPTR

  -------         MODULE        ?C?CSTOPTR
  C:0CB2H         PUBLIC        ?C?CSTOPTR
  -------         ENDMOD        ?C?CSTOPTR

  -------         MODULE        ?C?IMUL
  C:0CD4H         PUBLIC        ?C?IMUL
  -------         ENDMOD        ?C?IMUL

  -------         MODULE        ?C?SIDIV
  C:0CE6H         PUBLIC        ?C?SIDIV
  -------         ENDMOD        ?C?SIDIV

  -------         MODULE        ?C?IILDX
  C:0D1CH         PUBLIC        ?C?IILDX
  -------         ENDMOD        ?C?IILDX

  -------         MODULE        ?C?ILDIX
  C:0D32H         PUBLIC        ?C?ILDIX
  -------         ENDMOD        ?C?ILDIX

  -------         MODULE        ?C?ILDPTR
  C:0D48H         PUBLIC        ?C?ILDPTR
  -------         ENDMOD        ?C?ILDPTR

  -------         MODULE        ?C?ILDOPTR
  C:0D73H         PUBLIC        ?C?ILDOPTR
  -------         ENDMOD        ?C?ILDOPTR

  -------         MODULE        ?C?IILDPTR
  C:0DABH         PUBLIC        ?C?IILDPTR
  -------         ENDMOD        ?C?IILDPTR
BL51 BANKED LINKER/LOCATER V6.22                                                      04/20/2012  16:19:02  PAGE 52



  -------         MODULE        ?C?ISTPTR
  C:0DE3H         PUBLIC        ?C?ISTPTR
  -------         ENDMOD        ?C?ISTPTR

  -------         MODULE        ?C?ISTOPTR
  C:0E02H         PUBLIC        ?C?ISTOPTR
  -------         ENDMOD        ?C?ISTOPTR

  -------         MODULE        ?C?LMUL
  C:0E2FH         PUBLIC        ?C?LMUL
  -------         ENDMOD        ?C?LMUL

  -------         MODULE        ?C?ULDIV
  C:0EBAH         PUBLIC        ?C?ULDIV
  -------         ENDMOD        ?C?ULDIV

  -------         MODULE        ?C?LNOT
  C:0F4CH         PUBLIC        ?C?LNOT
  -------         ENDMOD        ?C?LNOT

  -------         MODULE        ?C?ULCMP
  C:0F59H         PUBLIC        ?C?ULCMP
  -------         ENDMOD        ?C?ULCMP

  -------         MODULE        ?C?ULSHR
  C:0F6AH         PUBLIC        ?C?ULSHR
  -------         ENDMOD        ?C?ULSHR

  -------         MODULE        ?C?LSHL
  C:0F7DH         PUBLIC        ?C?LSHL
  -------         ENDMOD        ?C?LSHL

  -------         MODULE        ?C?LLDPTR
  C:0F90H         PUBLIC        ?C?LLDPTR
  -------         ENDMOD        ?C?LLDPTR

  -------         MODULE        ?C?LLDOPTR
  C:0FB0H         PUBLIC        ?C?LLDOPTR
  -------         ENDMOD        ?C?LLDOPTR

  -------         MODULE        ?C?LSTPTR
  C:0FE0H         PUBLIC        ?C?LSTPTR
  -------         ENDMOD        ?C?LSTPTR

  -------         MODULE        ?C?LSTOPTR
  C:0FFAH         PUBLIC        ?C?LSTOPTR
  -------         ENDMOD        ?C?LSTOPTR

  -------         MODULE        ?C?LLDPTR0
  C:101EH         PUBLIC        ?C?LLDPTR0
  -------         ENDMOD        ?C?LLDPTR0

  -------         MODULE        ?C?LLDOPTR0
  C:103EH         PUBLIC        ?C?LLDOPTR0
  -------         ENDMOD        ?C?LLDOPTR0

BL51 BANKED LINKER/LOCATER V6.22                                                      04/20/2012  16:19:02  PAGE 53


  -------         MODULE        ?C?LLDIXDATA
  C:1077H         PUBLIC        ?C?LLDIXDATA
  C:106EH         PUBLIC        ?C?LLDIXDATA1
  C:1070H         PUBLIC        ?C?LLDIXDATA8
  -------         ENDMOD        ?C?LLDIXDATA

  -------         MODULE        ?C?LILDXDATA
  C:10ACH         PUBLIC        ?C?LILDXDATA
  C:10A3H         PUBLIC        ?C?LILDXDATA1
  C:10A5H         PUBLIC        ?C?LILDXDATA8
  -------         ENDMOD        ?C?LILDXDATA

  -------         MODULE        ?C?LSTXDATA
  C:10D8H         PUBLIC        ?C?LSTXDATA
  -------         ENDMOD        ?C?LSTXDATA

  -------         MODULE        ?C?LSTKXDATA
  C:10E4H         PUBLIC        ?C?LSTKXDATA
  -------         ENDMOD        ?C?LSTKXDATA

  -------         MODULE        ?C?LSTKOPTR
  C:1115H         PUBLIC        ?C?LSTKOPTR
  -------         ENDMOD        ?C?LSTKOPTR

  -------         MODULE        ?C?PLDPTR
  C:1139H         PUBLIC        ?C?PLDPTR
  -------         ENDMOD        ?C?PLDPTR

  -------         MODULE        ?C?PSTPTR
  C:1159H         PUBLIC        ?C?PSTPTR
  -------         ENDMOD        ?C?PSTPTR

  -------         MODULE        ?C?PLDOPTR
  C:11A8H         PUBLIC        ?C?PLDOPTR
  -------         ENDMOD        ?C?PLDOPTR

  -------         MODULE        ?C?PSTOPTR
  C:11D8H         PUBLIC        ?C?PSTOPTR
  -------         ENDMOD        ?C?PSTOPTR

  -------         MODULE        ?C?LIMUL
  C:1231H         PUBLIC        ?C?LIMUL
  -------         ENDMOD        ?C?LIMUL

  -------         MODULE        ?C?UIDIV
  C:125EH         PUBLIC        ?C?UIDIV
  -------         ENDMOD        ?C?UIDIV

  -------         MODULE        ?C?LLDIDATA
  C:12B3H         PUBLIC        ?C?LLDIDATA
  -------         ENDMOD        ?C?LLDIDATA

  -------         MODULE        ?C?LLDXDATA
  C:12BFH         PUBLIC        ?C?LLDXDATA
  -------         ENDMOD        ?C?LLDXDATA

  -------         MODULE        ?C?LLDPDATA
BL51 BANKED LINKER/LOCATER V6.22                                                      04/20/2012  16:19:02  PAGE 54


  C:12CBH         PUBLIC        ?C?LLDPDATA
  -------         ENDMOD        ?C?LLDPDATA

  -------         MODULE        ?C?LLDCODE
  C:12D7H         PUBLIC        ?C?LLDCODE
  -------         ENDMOD        ?C?LLDCODE

  -------         MODULE        ?C?LLDIDATA0
  C:12E7H         PUBLIC        ?C?LLDIDATA0
  -------         ENDMOD        ?C?LLDIDATA0

  -------         MODULE        ?C?LLDXDATA0
  C:12F4H         PUBLIC        ?C?LLDXDATA0
  -------         ENDMOD        ?C?LLDXDATA0

  -------         MODULE        ?C?LLDPDATA0
  C:1300H         PUBLIC        ?C?LLDPDATA0
  -------         ENDMOD        ?C?LLDPDATA0

  -------         MODULE        ?C?LLDCODE0
  C:130DH         PUBLIC        ?C?LLDCODE0
  -------         ENDMOD        ?C?LLDCODE0

  -------         MODULE        ?C?LSTIDATA
  C:131DH         PUBLIC        ?C?LSTIDATA
  -------         ENDMOD        ?C?LSTIDATA

  -------         MODULE        ?C?LSTPDATA
  C:1329H         PUBLIC        ?C?LSTPDATA
  -------         ENDMOD        ?C?LSTPDATA

  -------         MODULE        ?C?LSTKIDATA
  C:1335H         PUBLIC        ?C?LSTKIDATA
  -------         ENDMOD        ?C?LSTKIDATA

  -------         MODULE        ?C?LSTKPDATA
  C:134EH         PUBLIC        ?C?LSTKPDATA
  -------         ENDMOD        ?C?LSTKPDATA

  -------         MODULE        ?C?PLDIDATA
  C:1367H         PUBLIC        ?C?PLDIDATA
  -------         ENDMOD        ?C?PLDIDATA

  -------         MODULE        ?C?PSTIDATA
  C:1370H         PUBLIC        ?C?PSTIDATA
  -------         ENDMOD        ?C?PSTIDATA

  -------         MODULE        ?C?PLDXDATA
  C:1379H         PUBLIC        ?C?PLDXDATA
  -------         ENDMOD        ?C?PLDXDATA

  -------         MODULE        ?C?PSTXDATA
  C:1382H         PUBLIC        ?C?PSTXDATA
  -------         ENDMOD        ?C?PSTXDATA

  -------         MODULE        ?C?PLDPDATA
  C:138BH         PUBLIC        ?C?PLDPDATA
BL51 BANKED LINKER/LOCATER V6.22                                                      04/20/2012  16:19:02  PAGE 55


  -------         ENDMOD        ?C?PLDPDATA

  -------         MODULE        ?C?PSTPDATA
  C:1394H         PUBLIC        ?C?PSTPDATA
  -------         ENDMOD        ?C?PSTPDATA

  -------         MODULE        ?C?PLDCODE
  C:139DH         PUBLIC        ?C?PLDCODE
  -------         ENDMOD        ?C?PLDCODE

*** WARNING L16: UNCALLED SEGMENT, IGNORED FOR OVERLAY PROCESS
    SEGMENT: ?PR?_F_LSEEK?FF

*** WARNING L16: UNCALLED SEGMENT, IGNORED FOR OVERLAY PROCESS
    SEGMENT: ?PR?_F_OPENDIR?FF

*** WARNING L16: UNCALLED SEGMENT, IGNORED FOR OVERLAY PROCESS
    SEGMENT: ?PR?_F_READDIR?FF

*** WARNING L16: UNCALLED SEGMENT, IGNORED FOR OVERLAY PROCESS
    SEGMENT: ?PR?_F_STAT?FF

*** WARNING L16: UNCALLED SEGMENT, IGNORED FOR OVERLAY PROCESS
    SEGMENT: ?PR?_F_TRUNCATE?FF

*** WARNING L16: UNCALLED SEGMENT, IGNORED FOR OVERLAY PROCESS
    SEGMENT: ?PR?_F_GETFREE?FF

*** WARNING L16: UNCALLED SEGMENT, IGNORED FOR OVERLAY PROCESS
    SEGMENT: ?PR?_F_UNLINK?FF

*** WARNING L16: UNCALLED SEGMENT, IGNORED FOR OVERLAY PROCESS
    SEGMENT: ?PR?_F_MKDIR?FF

*** WARNING L16: UNCALLED SEGMENT, IGNORED FOR OVERLAY PROCESS
    SEGMENT: ?PR?_F_CHMOD?FF

*** WARNING L16: UNCALLED SEGMENT, IGNORED FOR OVERLAY PROCESS
    SEGMENT: ?PR?_F_UTIME?FF

*** WARNING L16: UNCALLED SEGMENT, IGNORED FOR OVERLAY PROCESS
    SEGMENT: ?PR?_F_RENAME?FF

*** WARNING L16: UNCALLED SEGMENT, IGNORED FOR OVERLAY PROCESS
    SEGMENT: ?PR?_SD_ERASE?SD

Program Size: data=9.0 xdata=2804 code=30716
LINK/LOCATE RUN COMPLETE.  12 WARNING(S),  0 ERROR(S)
